Copyright 1986-2022 Xilinx, Inc. All Rights Reserved. Copyright 2022-2024 Advanced Micro Devices, Inc. All Rights Reserved.
---------------------------------------------------------------------------------------------------------------------------------------------
| Tool Version : Vivado v.2024.1 (lin64) Build 5076996 Wed May 22 18:36:09 MDT 2024
| Date         : Thu Aug 29 20:07:14 2024
| Host         : hakam-MS-7D46 running 64-bit Ubuntu 24.04 LTS
| Command      : report_utilization -file utilization_synth.rpt -hierarchical -hierarchical_depth 10 -hierarchical_percentage
| Design       : SOC
| Device       : xczu3eg-sbva484-1-i
| Speed File   : -1
| Design State : Synthesized
---------------------------------------------------------------------------------------------------------------------------------------------

Utilization Design Information

Table of Contents
-----------------
1. Utilization by Hierarchy

1. Utilization by Hierarchy
---------------------------

+----------------------------------------------+-----------------------------------+---------------+---------------+--------------+----------+---------------+-----------+----------+----------+------------+
|                   Instance                   |               Module              |   Total LUTs  |   Logic LUTs  |    LUTRAMs   |   SRLs   |      FFs      |   RAMB36  |  RAMB18  |   URAM   | DSP Blocks |
+----------------------------------------------+-----------------------------------+---------------+---------------+--------------+----------+---------------+-----------+----------+----------+------------+
| SOC                                          |                             (top) | 27664(39.21%) | 23238(32.93%) | 4426(15.37%) | 0(0.00%) | 14693(10.41%) | 20(9.26%) | 1(0.23%) | 0(0.00%) |   0(0.00%) |
|   (SOC)                                      |                             (top) |    168(0.24%) |      0(0.00%) |   168(0.58%) | 0(0.00%) |      0(0.00%) |  0(0.00%) | 0(0.00%) | 0(0.00%) |   0(0.00%) |
|   AXI_debug_printer                          |                 AXI_debug_printer |      2(0.01%) |      2(0.01%) |     0(0.00%) | 0(0.00%) |      2(0.01%) |  0(0.00%) | 0(0.00%) | 0(0.00%) |   0(0.00%) |
|   ChaosCore_tile                             |                    ChaosCore_tile | 27342(38.75%) | 23084(32.72%) | 4258(14.78%) | 0(0.00%) | 14475(10.26%) | 20(9.26%) | 1(0.23%) | 0(0.00%) |   0(0.00%) |
|     (ChaosCore_tile)                         |                    ChaosCore_tile |      1(0.01%) |      1(0.01%) |     0(0.00%) | 0(0.00%) |      0(0.00%) |  0(0.00%) | 0(0.00%) | 0(0.00%) |   0(0.00%) |
|     ChaosCore                                |                         ChaosCore | 19066(27.02%) | 16378(23.21%) |  2688(9.33%) | 0(0.00%) |   8297(5.88%) | 12(5.56%) | 1(0.23%) | 0(0.00%) |   0(0.00%) |
|       (ChaosCore)                            |                         ChaosCore |    192(0.27%) |    192(0.27%) |     0(0.00%) | 0(0.00%) |      0(0.00%) |  0(0.00%) | 0(0.00%) | 0(0.00%) |   0(0.00%) |
|       ROB                                    |                               ROB |   1831(2.59%) |   1423(2.02%) |   408(1.42%) | 0(0.00%) |    431(0.31%) |  0(0.00%) | 0(0.00%) | 0(0.00%) |   0(0.00%) |
|         (ROB)                                |                               ROB |    132(0.19%) |    132(0.19%) |     0(0.00%) | 0(0.00%) |    115(0.08%) |  0(0.00%) | 0(0.00%) | 0(0.00%) |   0(0.00%) |
|         ROB_WB_banks_0                       |                        ROB_WB_mem |     55(0.08%) |     55(0.08%) |     0(0.00%) | 0(0.00%) |     64(0.05%) |  0(0.00%) | 0(0.00%) | 0(0.00%) |   0(0.00%) |
|           mem_busy_ext                       |                  mem_busy_64x1_98 |     55(0.08%) |     55(0.08%) |     0(0.00%) | 0(0.00%) |     64(0.05%) |  0(0.00%) | 0(0.00%) | 0(0.00%) |   0(0.00%) |
|         ROB_WB_banks_1                       |                     ROB_WB_mem_83 |    191(0.27%) |    191(0.27%) |     0(0.00%) | 0(0.00%) |     70(0.05%) |  0(0.00%) | 0(0.00%) | 0(0.00%) |   0(0.00%) |
|           mem_busy_ext                       |                  mem_busy_64x1_97 |    191(0.27%) |    191(0.27%) |     0(0.00%) | 0(0.00%) |     70(0.05%) |  0(0.00%) | 0(0.00%) | 0(0.00%) |   0(0.00%) |
|         ROB_WB_banks_2                       |                     ROB_WB_mem_84 |     55(0.08%) |     55(0.08%) |     0(0.00%) | 0(0.00%) |     64(0.05%) |  0(0.00%) | 0(0.00%) | 0(0.00%) |   0(0.00%) |
|           mem_busy_ext                       |                  mem_busy_64x1_96 |     55(0.08%) |     55(0.08%) |     0(0.00%) | 0(0.00%) |     64(0.05%) |  0(0.00%) | 0(0.00%) | 0(0.00%) |   0(0.00%) |
|         ROB_WB_banks_3                       |                     ROB_WB_mem_85 |     55(0.08%) |     55(0.08%) |     0(0.00%) | 0(0.00%) |     64(0.05%) |  0(0.00%) | 0(0.00%) | 0(0.00%) |   0(0.00%) |
|           mem_busy_ext                       |                     mem_busy_64x1 |     55(0.08%) |     55(0.08%) |     0(0.00%) | 0(0.00%) |     64(0.05%) |  0(0.00%) | 0(0.00%) | 0(0.00%) |   0(0.00%) |
|         ROB_entry_banks_0                    |                     ROB_entry_mem |    108(0.15%) |     84(0.12%) |    24(0.08%) | 0(0.00%) |      0(0.00%) |  0(0.00%) | 0(0.00%) | 0(0.00%) |   0(0.00%) |
|           mem_ext                            |                      mem_64x21_95 |    108(0.15%) |     84(0.12%) |    24(0.08%) | 0(0.00%) |      0(0.00%) |  0(0.00%) | 0(0.00%) | 0(0.00%) |   0(0.00%) |
|         ROB_entry_banks_1                    |                  ROB_entry_mem_86 |    313(0.44%) |    289(0.41%) |    24(0.08%) | 0(0.00%) |      0(0.00%) |  0(0.00%) | 0(0.00%) | 0(0.00%) |   0(0.00%) |
|           mem_ext                            |                      mem_64x21_94 |    313(0.44%) |    289(0.41%) |    24(0.08%) | 0(0.00%) |      0(0.00%) |  0(0.00%) | 0(0.00%) | 0(0.00%) |   0(0.00%) |
|         ROB_entry_banks_2                    |                  ROB_entry_mem_87 |    346(0.49%) |    322(0.46%) |    24(0.08%) | 0(0.00%) |      0(0.00%) |  0(0.00%) | 0(0.00%) | 0(0.00%) |   0(0.00%) |
|           mem_ext                            |                      mem_64x21_93 |    346(0.49%) |    322(0.46%) |    24(0.08%) | 0(0.00%) |      0(0.00%) |  0(0.00%) | 0(0.00%) | 0(0.00%) |   0(0.00%) |
|         ROB_entry_banks_3                    |                  ROB_entry_mem_88 |     74(0.10%) |     50(0.07%) |    24(0.08%) | 0(0.00%) |      0(0.00%) |  0(0.00%) | 0(0.00%) | 0(0.00%) |   0(0.00%) |
|           mem_ext                            |                         mem_64x21 |     74(0.10%) |     50(0.07%) |    24(0.08%) | 0(0.00%) |      0(0.00%) |  0(0.00%) | 0(0.00%) | 0(0.00%) |   0(0.00%) |
|         fetch_prediction_bank_ext            |                       fetch_64x53 |     48(0.07%) |      8(0.01%) |    40(0.14%) | 0(0.00%) |      0(0.00%) |  0(0.00%) | 0(0.00%) | 0(0.00%) |   0(0.00%) |
|         fetch_resolved_banks_0_ext           |                    fetch_64x53_89 |     42(0.06%) |      2(0.01%) |    40(0.14%) | 0(0.00%) |      0(0.00%) |  0(0.00%) | 0(0.00%) | 0(0.00%) |   0(0.00%) |
|         fetch_resolved_banks_1_ext           |                    fetch_64x53_90 |     42(0.06%) |      2(0.01%) |    40(0.14%) | 0(0.00%) |      0(0.00%) |  0(0.00%) | 0(0.00%) | 0(0.00%) |   0(0.00%) |
|         fetch_resolved_banks_2_ext           |                    fetch_64x53_91 |     40(0.06%) |      0(0.00%) |    40(0.14%) | 0(0.00%) |      0(0.00%) |  0(0.00%) | 0(0.00%) | 0(0.00%) |   0(0.00%) |
|         fetch_resolved_banks_3_ext           |                    fetch_64x53_92 |     41(0.06%) |      1(0.01%) |    40(0.14%) | 0(0.00%) |      0(0.00%) |  0(0.00%) | 0(0.00%) | 0(0.00%) |   0(0.00%) |
|         shared_mem                           |                    ROB_shared_mem |    289(0.41%) |    177(0.25%) |   112(0.39%) | 0(0.00%) |     54(0.04%) |  0(0.00%) | 0(0.00%) | 0(0.00%) |   0(0.00%) |
|           mem_ext                            |                         mem_64x70 |    289(0.41%) |    177(0.25%) |   112(0.39%) | 0(0.00%) |     54(0.04%) |  0(0.00%) | 0(0.00%) | 0(0.00%) |   0(0.00%) |
|       backend                                |                           backend | 10872(15.41%) |  9592(13.59%) |  1280(4.44%) | 0(0.00%) |   6925(4.91%) |  0(0.00%) | 0(0.00%) | 0(0.00%) |   0(0.00%) |
|         (backend)                            |                           backend |      5(0.01%) |      5(0.01%) |     0(0.00%) | 0(0.00%) |    185(0.13%) |  0(0.00%) | 0(0.00%) | 0(0.00%) |   0(0.00%) |
|         AGU                                  |                               AGU |   1331(1.89%) |   1331(1.89%) |     0(0.00%) | 0(0.00%) |    149(0.11%) |  0(0.00%) | 0(0.00%) | 0(0.00%) |   0(0.00%) |
|         FU0                                  |                                FU |    605(0.86%) |    605(0.86%) |     0(0.00%) | 0(0.00%) |    116(0.08%) |  0(0.00%) | 0(0.00%) | 0(0.00%) |   0(0.00%) |
|           (FU0)                              |                                FU |     38(0.05%) |     38(0.05%) |     0(0.00%) | 0(0.00%) |      1(0.01%) |  0(0.00%) | 0(0.00%) | 0(0.00%) |   0(0.00%) |
|           ALU                                |                            ALU_82 |    291(0.41%) |    291(0.41%) |     0(0.00%) | 0(0.00%) |     39(0.03%) |  0(0.00%) | 0(0.00%) | 0(0.00%) |   0(0.00%) |
|           branch_unit                        |                       branch_unit |    276(0.39%) |    276(0.39%) |     0(0.00%) | 0(0.00%) |     76(0.05%) |  0(0.00%) | 0(0.00%) | 0(0.00%) |   0(0.00%) |
|         FU1                                  |                              FU_1 |    558(0.79%) |    558(0.79%) |     0(0.00%) | 0(0.00%) |     51(0.04%) |  0(0.00%) | 0(0.00%) | 0(0.00%) |   0(0.00%) |
|           ALU                                |                            ALU_81 |    558(0.79%) |    558(0.79%) |     0(0.00%) | 0(0.00%) |     51(0.04%) |  0(0.00%) | 0(0.00%) | 0(0.00%) |   0(0.00%) |
|         FU2                                  |                           FU_1_80 |    485(0.69%) |    485(0.69%) |     0(0.00%) | 0(0.00%) |     62(0.04%) |  0(0.00%) | 0(0.00%) | 0(0.00%) |   0(0.00%) |
|           ALU                                |                               ALU |    485(0.69%) |    485(0.69%) |     0(0.00%) | 0(0.00%) |     62(0.04%) |  0(0.00%) | 0(0.00%) | 0(0.00%) |   0(0.00%) |
|         INT_PRF                              |                       nReadmWrite |   3602(5.10%) |   2322(3.29%) |  1280(4.44%) | 0(0.00%) |   1168(0.83%) |  0(0.00%) | 0(0.00%) | 0(0.00%) |   0(0.00%) |
|         INT_RS                               |                                RS |   2629(3.73%) |   2629(3.73%) |     0(0.00%) | 0(0.00%) |   2110(1.50%) |  0(0.00%) | 0(0.00%) | 0(0.00%) |   0(0.00%) |
|         MEM_RS                               |                              RS_1 |   1091(1.55%) |   1091(1.55%) |     0(0.00%) | 0(0.00%) |   1758(1.25%) |  0(0.00%) | 0(0.00%) | 0(0.00%) |   0(0.00%) |
|         MOB                                  |                        simple_MOB |    568(0.80%) |    568(0.80%) |     0(0.00%) | 0(0.00%) |   1326(0.94%) |  0(0.00%) | 0(0.00%) | 0(0.00%) |   0(0.00%) |
|       frontend                               |                          frontend |   6171(8.75%) |   5171(7.33%) |  1000(3.47%) | 0(0.00%) |    941(0.67%) | 12(5.56%) | 1(0.23%) | 0(0.00%) |   0(0.00%) |
|         decoders                             |              fetch_packet_decoder |    437(0.62%) |    189(0.27%) |   248(0.86%) | 0(0.00%) |     30(0.02%) |  0(0.00%) | 0(0.00%) | 0(0.00%) |   0(0.00%) |
|           (decoders)                         |              fetch_packet_decoder |      0(0.00%) |      0(0.00%) |     0(0.00%) | 0(0.00%) |      1(0.01%) |  0(0.00%) | 0(0.00%) | 0(0.00%) |   0(0.00%) |
|           decoded_fetch_packet_out_Q         |    Queue2_decoded_fetch_packet_75 |    433(0.61%) |    185(0.26%) |   248(0.86%) | 0(0.00%) |      5(0.01%) |  0(0.00%) | 0(0.00%) | 0(0.00%) |   0(0.00%) |
|             (decoded_fetch_packet_out_Q)     |    Queue2_decoded_fetch_packet_75 |      3(0.01%) |      3(0.01%) |     0(0.00%) | 0(0.00%) |      5(0.01%) |  0(0.00%) | 0(0.00%) | 0(0.00%) |   0(0.00%) |
|             ram_ext                          |                      ram_2x471_79 |    430(0.61%) |    182(0.26%) |   248(0.86%) | 0(0.00%) |      0(0.00%) |  0(0.00%) | 0(0.00%) | 0(0.00%) |   0(0.00%) |
|           decoders_0                         |                           decoder |      1(0.01%) |      1(0.01%) |     0(0.00%) | 0(0.00%) |      6(0.01%) |  0(0.00%) | 0(0.00%) | 0(0.00%) |   0(0.00%) |
|           decoders_1                         |                        decoder_76 |      1(0.01%) |      1(0.01%) |     0(0.00%) | 0(0.00%) |      6(0.01%) |  0(0.00%) | 0(0.00%) | 0(0.00%) |   0(0.00%) |
|           decoders_2                         |                        decoder_77 |      1(0.01%) |      1(0.01%) |     0(0.00%) | 0(0.00%) |      6(0.01%) |  0(0.00%) | 0(0.00%) | 0(0.00%) |   0(0.00%) |
|           decoders_3                         |                        decoder_78 |      1(0.01%) |      1(0.01%) |     0(0.00%) | 0(0.00%) |      6(0.01%) |  0(0.00%) | 0(0.00%) | 0(0.00%) |   0(0.00%) |
|         instruction_fetch                    |                 instruction_fetch |    663(0.94%) |    415(0.59%) |   248(0.86%) | 0(0.00%) |    358(0.25%) | 12(5.56%) | 1(0.23%) | 0(0.00%) |   0(0.00%) |
|           BTB_Q                              |                Queue16_prediction |    110(0.16%) |     78(0.11%) |    32(0.11%) | 0(0.00%) |     13(0.01%) |  0(0.00%) | 0(0.00%) | 0(0.00%) |   0(0.00%) |
|             (BTB_Q)                          |                Queue16_prediction |     15(0.02%) |     15(0.02%) |     0(0.00%) | 0(0.00%) |      9(0.01%) |  0(0.00%) | 0(0.00%) | 0(0.00%) |   0(0.00%) |
|             ram_ext                          |                         ram_16x53 |     95(0.13%) |     63(0.09%) |    32(0.11%) | 0(0.00%) |      4(0.01%) |  0(0.00%) | 0(0.00%) | 0(0.00%) |   0(0.00%) |
|           PC_Q                               |   Queue16_frontend_memory_request |     73(0.10%) |     53(0.08%) |    20(0.07%) | 0(0.00%) |     13(0.01%) |  0(0.00%) | 0(0.00%) | 0(0.00%) |   0(0.00%) |
|             (PC_Q)                           |   Queue16_frontend_memory_request |     10(0.01%) |     10(0.01%) |     0(0.00%) | 0(0.00%) |      9(0.01%) |  0(0.00%) | 0(0.00%) | 0(0.00%) |   0(0.00%) |
|             ram_ext                          |                         ram_16x65 |     63(0.09%) |     43(0.06%) |    20(0.07%) | 0(0.00%) |      4(0.01%) |  0(0.00%) | 0(0.00%) | 0(0.00%) |   0(0.00%) |
|           PC_gen                             |                            PC_gen |     31(0.04%) |     31(0.04%) |     0(0.00%) | 0(0.00%) |     64(0.05%) |  0(0.00%) | 0(0.00%) | 0(0.00%) |   0(0.00%) |
|           bp                                 |                                BP |    267(0.38%) |    171(0.24%) |    96(0.33%) | 0(0.00%) |    203(0.14%) | 12(5.56%) | 1(0.23%) | 0(0.00%) |   0(0.00%) |
|             (bp)                             |                                BP |      0(0.00%) |      0(0.00%) |     0(0.00%) | 0(0.00%) |      1(0.01%) |  0(0.00%) | 0(0.00%) | 0(0.00%) |   0(0.00%) |
|             BTB                              |                          hash_BTB |    115(0.16%) |    115(0.16%) |     0(0.00%) | 0(0.00%) |     71(0.05%) |  6(2.78%) | 1(0.23%) | 0(0.00%) |   0(0.00%) |
|               (BTB)                          |                          hash_BTB |      0(0.00%) |      0(0.00%) |     0(0.00%) | 0(0.00%) |     19(0.01%) |  0(0.00%) | 0(0.00%) | 0(0.00%) |   0(0.00%) |
|               BTB_memory                     |                      hash_BTB_mem |    115(0.16%) |    115(0.16%) |     0(0.00%) | 0(0.00%) |     52(0.04%) |  6(2.78%) | 1(0.23%) | 0(0.00%) |   0(0.00%) |
|                 (BTB_memory)                 |                      hash_BTB_mem |      0(0.00%) |      0(0.00%) |     0(0.00%) | 0(0.00%) |     52(0.04%) |  0(0.00%) | 0(0.00%) | 0(0.00%) |   0(0.00%) |
|                 mem_ext                      |                       mem_4096x56 |    115(0.16%) |    115(0.16%) |     0(0.00%) | 0(0.00%) |      0(0.00%) |  6(2.78%) | 1(0.23%) | 0(0.00%) |   0(0.00%) |
|             RAS                              |                               RAS |    137(0.19%) |     41(0.06%) |    96(0.33%) | 0(0.00%) |     59(0.04%) |  0(0.00%) | 0(0.00%) | 0(0.00%) |   0(0.00%) |
|               (RAS)                          |                               RAS |      2(0.01%) |      2(0.01%) |     0(0.00%) | 0(0.00%) |     14(0.01%) |  0(0.00%) | 0(0.00%) | 0(0.00%) |   0(0.00%) |
|               RAS_memory                     |                  SDPReadWriteSmem |    135(0.19%) |     39(0.06%) |    96(0.33%) | 0(0.00%) |     45(0.03%) |  0(0.00%) | 0(0.00%) | 0(0.00%) |   0(0.00%) |
|                 (RAS_memory)                 |                  SDPReadWriteSmem |      0(0.00%) |      0(0.00%) |     0(0.00%) | 0(0.00%) |     38(0.03%) |  0(0.00%) | 0(0.00%) | 0(0.00%) |   0(0.00%) |
|                 mem_ext                      |                        mem_128x39 |    135(0.19%) |     39(0.06%) |    96(0.33%) | 0(0.00%) |      7(0.01%) |  0(0.00%) | 0(0.00%) | 0(0.00%) |   0(0.00%) |
|             gshare                           |                            gshare |      5(0.01%) |      5(0.01%) |     0(0.00%) | 0(0.00%) |     18(0.01%) |  6(2.78%) | 0(0.00%) | 0(0.00%) |   0(0.00%) |
|               (gshare)                       |                            gshare |      0(0.00%) |      0(0.00%) |     0(0.00%) | 0(0.00%) |     17(0.01%) |  0(0.00%) | 0(0.00%) | 0(0.00%) |   0(0.00%) |
|               PHT                            |                        PHT_memory |      5(0.01%) |      5(0.01%) |     0(0.00%) | 0(0.00%) |      1(0.01%) |  6(2.78%) | 0(0.00%) | 0(0.00%) |   0(0.00%) |
|                 mem_ext                      |                       mem_65536x2 |      5(0.01%) |      5(0.01%) |     0(0.00%) | 0(0.00%) |      1(0.01%) |  6(2.78%) | 0(0.00%) | 0(0.00%) |   0(0.00%) |
|             prediction_skid_buffer           |                 Queue1_prediction |     10(0.01%) |     10(0.01%) |     0(0.00%) | 0(0.00%) |     54(0.04%) |  0(0.00%) | 0(0.00%) | 0(0.00%) |   0(0.00%) |
|           instruction_Q                      |              Queue16_fetch_packet |    129(0.18%) |     29(0.04%) |   100(0.35%) | 0(0.00%) |     13(0.01%) |  0(0.00%) | 0(0.00%) | 0(0.00%) |   0(0.00%) |
|             (instruction_Q)                  |              Queue16_fetch_packet |     14(0.02%) |     14(0.02%) |     0(0.00%) | 0(0.00%) |      9(0.01%) |  0(0.00%) | 0(0.00%) | 0(0.00%) |   0(0.00%) |
|             ram_ext                          |                        ram_16x287 |    115(0.16%) |     15(0.02%) |   100(0.35%) | 0(0.00%) |      4(0.01%) |  0(0.00%) | 0(0.00%) | 0(0.00%) |   0(0.00%) |
|           predecoder                         |                        predecoder |     54(0.08%) |     54(0.08%) |     0(0.00%) | 0(0.00%) |     52(0.04%) |  0(0.00%) | 0(0.00%) | 0(0.00%) |   0(0.00%) |
|             (predecoder)                     |                        predecoder |     47(0.07%) |     47(0.07%) |     0(0.00%) | 0(0.00%) |     49(0.03%) |  0(0.00%) | 0(0.00%) | 0(0.00%) |   0(0.00%) |
|             final_fetch_packet_out_Q         |               Queue2_fetch_packet |      7(0.01%) |      7(0.01%) |     0(0.00%) | 0(0.00%) |      3(0.01%) |  0(0.00%) | 0(0.00%) | 0(0.00%) |   0(0.00%) |
|         instruction_queue                    |      Queue16_decoded_fetch_packet |    874(1.24%) |    626(0.89%) |   248(0.86%) | 0(0.00%) |     21(0.01%) |  0(0.00%) | 0(0.00%) | 0(0.00%) |   0(0.00%) |
|           (instruction_queue)                |      Queue16_decoded_fetch_packet |     11(0.02%) |     11(0.02%) |     0(0.00%) | 0(0.00%) |      9(0.01%) |  0(0.00%) | 0(0.00%) | 0(0.00%) |   0(0.00%) |
|           ram_ext                            |                        ram_16x471 |    863(1.22%) |    615(0.87%) |   248(0.86%) | 0(0.00%) |     12(0.01%) |  0(0.00%) | 0(0.00%) | 0(0.00%) |   0(0.00%) |
|         rename                               |                            rename |   4197(5.95%) |   3941(5.59%) |   256(0.89%) | 0(0.00%) |    532(0.38%) |  0(0.00%) | 0(0.00%) | 0(0.00%) |   0(0.00%) |
|           (rename)                           |                            rename |      0(0.00%) |      0(0.00%) |     0(0.00%) | 0(0.00%) |     65(0.05%) |  0(0.00%) | 0(0.00%) | 0(0.00%) |   0(0.00%) |
|           RAT                                |                               RAT |    496(0.70%) |    496(0.70%) |     0(0.00%) | 0(0.00%) |    448(0.32%) |  0(0.00%) | 0(0.00%) | 0(0.00%) |   0(0.00%) |
|           free_list                          |                         free_list |    247(0.35%) |    247(0.35%) |     0(0.00%) | 0(0.00%) |     14(0.01%) |  0(0.00%) | 0(0.00%) | 0(0.00%) |   0(0.00%) |
|           renamed_decoded_fetch_packet_Q     |       Queue2_decoded_fetch_packet |   3454(4.90%) |   3198(4.53%) |   256(0.89%) | 0(0.00%) |      5(0.01%) |  0(0.00%) | 0(0.00%) | 0(0.00%) |   0(0.00%) |
|             (renamed_decoded_fetch_packet_Q) |       Queue2_decoded_fetch_packet |     15(0.02%) |     15(0.02%) |     0(0.00%) | 0(0.00%) |      5(0.01%) |  0(0.00%) | 0(0.00%) | 0(0.00%) |   0(0.00%) |
|             ram_ext                          |                         ram_2x471 |   3439(4.87%) |   3183(4.51%) |   256(0.89%) | 0(0.00%) |      0(0.00%) |  0(0.00%) | 0(0.00%) | 0(0.00%) |   0(0.00%) |
|     data_cache                               |                     L1_data_cache |   6906(9.79%) |   5338(7.57%) |  1568(5.44%) | 0(0.00%) |   5359(3.80%) |  0(0.00%) | 0(0.00%) | 0(0.00%) |   0(0.00%) |
|       (data_cache)                           |                     L1_data_cache |   2341(3.32%) |   2341(3.32%) |     0(0.00%) | 0(0.00%) |   5032(3.57%) |  0(0.00%) | 0(0.00%) | 0(0.00%) |   0(0.00%) |
|       AXI_request_Q                          |        Queue2_AXI_request_Q_entry |    595(0.84%) |    399(0.57%) |   196(0.68%) | 0(0.00%) |      4(0.01%) |  0(0.00%) | 0(0.00%) | 0(0.00%) |   0(0.00%) |
|         (AXI_request_Q)                      |        Queue2_AXI_request_Q_entry |      0(0.00%) |      0(0.00%) |     0(0.00%) | 0(0.00%) |      3(0.01%) |  0(0.00%) | 0(0.00%) | 0(0.00%) |   0(0.00%) |
|         ram_ext                              |                         ram_2x352 |    595(0.84%) |    399(0.57%) |   196(0.68%) | 0(0.00%) |      1(0.01%) |  0(0.00%) | 0(0.00%) | 0(0.00%) |   0(0.00%) |
|       CPU_response_skid_buffer               |    Queue3_backend_memory_response |    137(0.19%) |    105(0.15%) |    32(0.11%) | 0(0.00%) |      7(0.01%) |  0(0.00%) | 0(0.00%) | 0(0.00%) |   0(0.00%) |
|         (CPU_response_skid_buffer)           |    Queue3_backend_memory_response |      2(0.01%) |      2(0.01%) |     0(0.00%) | 0(0.00%) |      5(0.01%) |  0(0.00%) | 0(0.00%) | 0(0.00%) |   0(0.00%) |
|         ram_ext                              |                         ram_3x138 |    135(0.19%) |    103(0.15%) |    32(0.11%) | 0(0.00%) |      2(0.01%) |  0(0.00%) | 0(0.00%) | 0(0.00%) |   0(0.00%) |
|       cacheable_request_Q                    |        Queue8_AXI_request_Q_entry |    184(0.26%) |      8(0.01%) |   176(0.61%) | 0(0.00%) |     10(0.01%) |  0(0.00%) | 0(0.00%) | 0(0.00%) |   0(0.00%) |
|         (cacheable_request_Q)                |        Queue8_AXI_request_Q_entry |      4(0.01%) |      4(0.01%) |     0(0.00%) | 0(0.00%) |      7(0.01%) |  0(0.00%) | 0(0.00%) | 0(0.00%) |   0(0.00%) |
|         ram_ext                              |                      ram_8x352_74 |    180(0.26%) |      4(0.01%) |   176(0.61%) | 0(0.00%) |      3(0.01%) |  0(0.00%) | 0(0.00%) | 0(0.00%) |   0(0.00%) |
|       cacheable_response_Q                   |    Queue8_backend_memory_response |     41(0.06%) |      9(0.01%) |    32(0.11%) | 0(0.00%) |     10(0.01%) |  0(0.00%) | 0(0.00%) | 0(0.00%) |   0(0.00%) |
|         (cacheable_response_Q)               |    Queue8_backend_memory_response |      4(0.01%) |      4(0.01%) |     0(0.00%) | 0(0.00%) |      7(0.01%) |  0(0.00%) | 0(0.00%) | 0(0.00%) |   0(0.00%) |
|         ram_ext                              |                      ram_8x138_73 |     37(0.05%) |      5(0.01%) |    32(0.11%) | 0(0.00%) |      3(0.01%) |  0(0.00%) | 0(0.00%) | 0(0.00%) |   0(0.00%) |
|       data_memories_0                        |                     ReadWriteSmem |     40(0.06%) |      8(0.01%) |    32(0.11%) | 0(0.00%) |      8(0.01%) |  0(0.00%) | 0(0.00%) | 0(0.00%) |   0(0.00%) |
|         (data_memories_0)                    |                     ReadWriteSmem |      0(0.00%) |      0(0.00%) |     0(0.00%) | 0(0.00%) |      8(0.01%) |  0(0.00%) | 0(0.00%) | 0(0.00%) |   0(0.00%) |
|         ram_ext                              |                      ram_256x8_72 |     40(0.06%) |      8(0.01%) |    32(0.11%) | 0(0.00%) |      0(0.00%) |  0(0.00%) | 0(0.00%) | 0(0.00%) |   0(0.00%) |
|       data_memories_1                        |                   ReadWriteSmem_2 |     49(0.07%) |     17(0.02%) |    32(0.11%) | 0(0.00%) |      8(0.01%) |  0(0.00%) | 0(0.00%) | 0(0.00%) |   0(0.00%) |
|         (data_memories_1)                    |                   ReadWriteSmem_2 |      0(0.00%) |      0(0.00%) |     0(0.00%) | 0(0.00%) |      8(0.01%) |  0(0.00%) | 0(0.00%) | 0(0.00%) |   0(0.00%) |
|         ram_ext                              |                      ram_256x8_71 |     49(0.07%) |     17(0.02%) |    32(0.11%) | 0(0.00%) |      0(0.00%) |  0(0.00%) | 0(0.00%) | 0(0.00%) |   0(0.00%) |
|       data_memories_10                       |                   ReadWriteSmem_3 |     48(0.07%) |     16(0.02%) |    32(0.11%) | 0(0.00%) |      8(0.01%) |  0(0.00%) | 0(0.00%) | 0(0.00%) |   0(0.00%) |
|         (data_memories_10)                   |                   ReadWriteSmem_3 |      0(0.00%) |      0(0.00%) |     0(0.00%) | 0(0.00%) |      8(0.01%) |  0(0.00%) | 0(0.00%) | 0(0.00%) |   0(0.00%) |
|         ram_ext                              |                      ram_256x8_70 |     48(0.07%) |     16(0.02%) |    32(0.11%) | 0(0.00%) |      0(0.00%) |  0(0.00%) | 0(0.00%) | 0(0.00%) |   0(0.00%) |
|       data_memories_11                       |                   ReadWriteSmem_4 |     48(0.07%) |     16(0.02%) |    32(0.11%) | 0(0.00%) |      8(0.01%) |  0(0.00%) | 0(0.00%) | 0(0.00%) |   0(0.00%) |
|         (data_memories_11)                   |                   ReadWriteSmem_4 |      0(0.00%) |      0(0.00%) |     0(0.00%) | 0(0.00%) |      8(0.01%) |  0(0.00%) | 0(0.00%) | 0(0.00%) |   0(0.00%) |
|         ram_ext                              |                      ram_256x8_69 |     48(0.07%) |     16(0.02%) |    32(0.11%) | 0(0.00%) |      0(0.00%) |  0(0.00%) | 0(0.00%) | 0(0.00%) |   0(0.00%) |
|       data_memories_12                       |                   ReadWriteSmem_5 |     40(0.06%) |      8(0.01%) |    32(0.11%) | 0(0.00%) |      8(0.01%) |  0(0.00%) | 0(0.00%) | 0(0.00%) |   0(0.00%) |
|         (data_memories_12)                   |                   ReadWriteSmem_5 |      0(0.00%) |      0(0.00%) |     0(0.00%) | 0(0.00%) |      8(0.01%) |  0(0.00%) | 0(0.00%) | 0(0.00%) |   0(0.00%) |
|         ram_ext                              |                      ram_256x8_68 |     40(0.06%) |      8(0.01%) |    32(0.11%) | 0(0.00%) |      0(0.00%) |  0(0.00%) | 0(0.00%) | 0(0.00%) |   0(0.00%) |
|       data_memories_13                       |                   ReadWriteSmem_6 |     49(0.07%) |     17(0.02%) |    32(0.11%) | 0(0.00%) |      8(0.01%) |  0(0.00%) | 0(0.00%) | 0(0.00%) |   0(0.00%) |
|         (data_memories_13)                   |                   ReadWriteSmem_6 |      0(0.00%) |      0(0.00%) |     0(0.00%) | 0(0.00%) |      8(0.01%) |  0(0.00%) | 0(0.00%) | 0(0.00%) |   0(0.00%) |
|         ram_ext                              |                      ram_256x8_67 |     49(0.07%) |     17(0.02%) |    32(0.11%) | 0(0.00%) |      0(0.00%) |  0(0.00%) | 0(0.00%) | 0(0.00%) |   0(0.00%) |
|       data_memories_14                       |                   ReadWriteSmem_7 |     48(0.07%) |     16(0.02%) |    32(0.11%) | 0(0.00%) |      8(0.01%) |  0(0.00%) | 0(0.00%) | 0(0.00%) |   0(0.00%) |
|         (data_memories_14)                   |                   ReadWriteSmem_7 |      0(0.00%) |      0(0.00%) |     0(0.00%) | 0(0.00%) |      8(0.01%) |  0(0.00%) | 0(0.00%) | 0(0.00%) |   0(0.00%) |
|         ram_ext                              |                      ram_256x8_66 |     48(0.07%) |     16(0.02%) |    32(0.11%) | 0(0.00%) |      0(0.00%) |  0(0.00%) | 0(0.00%) | 0(0.00%) |   0(0.00%) |
|       data_memories_15                       |                   ReadWriteSmem_8 |     48(0.07%) |     16(0.02%) |    32(0.11%) | 0(0.00%) |      8(0.01%) |  0(0.00%) | 0(0.00%) | 0(0.00%) |   0(0.00%) |
|         (data_memories_15)                   |                   ReadWriteSmem_8 |      0(0.00%) |      0(0.00%) |     0(0.00%) | 0(0.00%) |      8(0.01%) |  0(0.00%) | 0(0.00%) | 0(0.00%) |   0(0.00%) |
|         ram_ext                              |                      ram_256x8_65 |     48(0.07%) |     16(0.02%) |    32(0.11%) | 0(0.00%) |      0(0.00%) |  0(0.00%) | 0(0.00%) | 0(0.00%) |   0(0.00%) |
|       data_memories_16                       |                   ReadWriteSmem_9 |     40(0.06%) |      8(0.01%) |    32(0.11%) | 0(0.00%) |      8(0.01%) |  0(0.00%) | 0(0.00%) | 0(0.00%) |   0(0.00%) |
|         (data_memories_16)                   |                   ReadWriteSmem_9 |      0(0.00%) |      0(0.00%) |     0(0.00%) | 0(0.00%) |      8(0.01%) |  0(0.00%) | 0(0.00%) | 0(0.00%) |   0(0.00%) |
|         ram_ext                              |                      ram_256x8_64 |     40(0.06%) |      8(0.01%) |    32(0.11%) | 0(0.00%) |      0(0.00%) |  0(0.00%) | 0(0.00%) | 0(0.00%) |   0(0.00%) |
|       data_memories_17                       |                  ReadWriteSmem_10 |     48(0.07%) |     16(0.02%) |    32(0.11%) | 0(0.00%) |      8(0.01%) |  0(0.00%) | 0(0.00%) | 0(0.00%) |   0(0.00%) |
|         (data_memories_17)                   |                  ReadWriteSmem_10 |      0(0.00%) |      0(0.00%) |     0(0.00%) | 0(0.00%) |      8(0.01%) |  0(0.00%) | 0(0.00%) | 0(0.00%) |   0(0.00%) |
|         ram_ext                              |                      ram_256x8_63 |     48(0.07%) |     16(0.02%) |    32(0.11%) | 0(0.00%) |      0(0.00%) |  0(0.00%) | 0(0.00%) | 0(0.00%) |   0(0.00%) |
|       data_memories_18                       |                  ReadWriteSmem_11 |     48(0.07%) |     16(0.02%) |    32(0.11%) | 0(0.00%) |      8(0.01%) |  0(0.00%) | 0(0.00%) | 0(0.00%) |   0(0.00%) |
|         (data_memories_18)                   |                  ReadWriteSmem_11 |      0(0.00%) |      0(0.00%) |     0(0.00%) | 0(0.00%) |      8(0.01%) |  0(0.00%) | 0(0.00%) | 0(0.00%) |   0(0.00%) |
|         ram_ext                              |                      ram_256x8_62 |     48(0.07%) |     16(0.02%) |    32(0.11%) | 0(0.00%) |      0(0.00%) |  0(0.00%) | 0(0.00%) | 0(0.00%) |   0(0.00%) |
|       data_memories_19                       |                  ReadWriteSmem_12 |     48(0.07%) |     16(0.02%) |    32(0.11%) | 0(0.00%) |      8(0.01%) |  0(0.00%) | 0(0.00%) | 0(0.00%) |   0(0.00%) |
|         (data_memories_19)                   |                  ReadWriteSmem_12 |      0(0.00%) |      0(0.00%) |     0(0.00%) | 0(0.00%) |      8(0.01%) |  0(0.00%) | 0(0.00%) | 0(0.00%) |   0(0.00%) |
|         ram_ext                              |                      ram_256x8_61 |     48(0.07%) |     16(0.02%) |    32(0.11%) | 0(0.00%) |      0(0.00%) |  0(0.00%) | 0(0.00%) | 0(0.00%) |   0(0.00%) |
|       data_memories_2                        |                  ReadWriteSmem_13 |     48(0.07%) |     16(0.02%) |    32(0.11%) | 0(0.00%) |      8(0.01%) |  0(0.00%) | 0(0.00%) | 0(0.00%) |   0(0.00%) |
|         (data_memories_2)                    |                  ReadWriteSmem_13 |      0(0.00%) |      0(0.00%) |     0(0.00%) | 0(0.00%) |      8(0.01%) |  0(0.00%) | 0(0.00%) | 0(0.00%) |   0(0.00%) |
|         ram_ext                              |                      ram_256x8_60 |     48(0.07%) |     16(0.02%) |    32(0.11%) | 0(0.00%) |      0(0.00%) |  0(0.00%) | 0(0.00%) | 0(0.00%) |   0(0.00%) |
|       data_memories_20                       |                  ReadWriteSmem_14 |     40(0.06%) |      8(0.01%) |    32(0.11%) | 0(0.00%) |      8(0.01%) |  0(0.00%) | 0(0.00%) | 0(0.00%) |   0(0.00%) |
|         (data_memories_20)                   |                  ReadWriteSmem_14 |      0(0.00%) |      0(0.00%) |     0(0.00%) | 0(0.00%) |      8(0.01%) |  0(0.00%) | 0(0.00%) | 0(0.00%) |   0(0.00%) |
|         ram_ext                              |                      ram_256x8_59 |     40(0.06%) |      8(0.01%) |    32(0.11%) | 0(0.00%) |      0(0.00%) |  0(0.00%) | 0(0.00%) | 0(0.00%) |   0(0.00%) |
|       data_memories_21                       |                  ReadWriteSmem_15 |     48(0.07%) |     16(0.02%) |    32(0.11%) | 0(0.00%) |      8(0.01%) |  0(0.00%) | 0(0.00%) | 0(0.00%) |   0(0.00%) |
|         (data_memories_21)                   |                  ReadWriteSmem_15 |      0(0.00%) |      0(0.00%) |     0(0.00%) | 0(0.00%) |      8(0.01%) |  0(0.00%) | 0(0.00%) | 0(0.00%) |   0(0.00%) |
|         ram_ext                              |                      ram_256x8_58 |     48(0.07%) |     16(0.02%) |    32(0.11%) | 0(0.00%) |      0(0.00%) |  0(0.00%) | 0(0.00%) | 0(0.00%) |   0(0.00%) |
|       data_memories_22                       |                  ReadWriteSmem_16 |     48(0.07%) |     16(0.02%) |    32(0.11%) | 0(0.00%) |      8(0.01%) |  0(0.00%) | 0(0.00%) | 0(0.00%) |   0(0.00%) |
|         (data_memories_22)                   |                  ReadWriteSmem_16 |      0(0.00%) |      0(0.00%) |     0(0.00%) | 0(0.00%) |      8(0.01%) |  0(0.00%) | 0(0.00%) | 0(0.00%) |   0(0.00%) |
|         ram_ext                              |                      ram_256x8_57 |     48(0.07%) |     16(0.02%) |    32(0.11%) | 0(0.00%) |      0(0.00%) |  0(0.00%) | 0(0.00%) | 0(0.00%) |   0(0.00%) |
|       data_memories_23                       |                  ReadWriteSmem_17 |     49(0.07%) |     17(0.02%) |    32(0.11%) | 0(0.00%) |      8(0.01%) |  0(0.00%) | 0(0.00%) | 0(0.00%) |   0(0.00%) |
|         (data_memories_23)                   |                  ReadWriteSmem_17 |      0(0.00%) |      0(0.00%) |     0(0.00%) | 0(0.00%) |      8(0.01%) |  0(0.00%) | 0(0.00%) | 0(0.00%) |   0(0.00%) |
|         ram_ext                              |                      ram_256x8_56 |     49(0.07%) |     17(0.02%) |    32(0.11%) | 0(0.00%) |      0(0.00%) |  0(0.00%) | 0(0.00%) | 0(0.00%) |   0(0.00%) |
|       data_memories_24                       |                  ReadWriteSmem_18 |     40(0.06%) |      8(0.01%) |    32(0.11%) | 0(0.00%) |      8(0.01%) |  0(0.00%) | 0(0.00%) | 0(0.00%) |   0(0.00%) |
|         (data_memories_24)                   |                  ReadWriteSmem_18 |      0(0.00%) |      0(0.00%) |     0(0.00%) | 0(0.00%) |      8(0.01%) |  0(0.00%) | 0(0.00%) | 0(0.00%) |   0(0.00%) |
|         ram_ext                              |                      ram_256x8_55 |     40(0.06%) |      8(0.01%) |    32(0.11%) | 0(0.00%) |      0(0.00%) |  0(0.00%) | 0(0.00%) | 0(0.00%) |   0(0.00%) |
|       data_memories_25                       |                  ReadWriteSmem_19 |     48(0.07%) |     16(0.02%) |    32(0.11%) | 0(0.00%) |      8(0.01%) |  0(0.00%) | 0(0.00%) | 0(0.00%) |   0(0.00%) |
|         (data_memories_25)                   |                  ReadWriteSmem_19 |      0(0.00%) |      0(0.00%) |     0(0.00%) | 0(0.00%) |      8(0.01%) |  0(0.00%) | 0(0.00%) | 0(0.00%) |   0(0.00%) |
|         ram_ext                              |                      ram_256x8_54 |     48(0.07%) |     16(0.02%) |    32(0.11%) | 0(0.00%) |      0(0.00%) |  0(0.00%) | 0(0.00%) | 0(0.00%) |   0(0.00%) |
|       data_memories_26                       |                  ReadWriteSmem_20 |     48(0.07%) |     16(0.02%) |    32(0.11%) | 0(0.00%) |      8(0.01%) |  0(0.00%) | 0(0.00%) | 0(0.00%) |   0(0.00%) |
|         (data_memories_26)                   |                  ReadWriteSmem_20 |      0(0.00%) |      0(0.00%) |     0(0.00%) | 0(0.00%) |      8(0.01%) |  0(0.00%) | 0(0.00%) | 0(0.00%) |   0(0.00%) |
|         ram_ext                              |                      ram_256x8_53 |     48(0.07%) |     16(0.02%) |    32(0.11%) | 0(0.00%) |      0(0.00%) |  0(0.00%) | 0(0.00%) | 0(0.00%) |   0(0.00%) |
|       data_memories_27                       |                  ReadWriteSmem_21 |     48(0.07%) |     16(0.02%) |    32(0.11%) | 0(0.00%) |      8(0.01%) |  0(0.00%) | 0(0.00%) | 0(0.00%) |   0(0.00%) |
|         (data_memories_27)                   |                  ReadWriteSmem_21 |      0(0.00%) |      0(0.00%) |     0(0.00%) | 0(0.00%) |      8(0.01%) |  0(0.00%) | 0(0.00%) | 0(0.00%) |   0(0.00%) |
|         ram_ext                              |                      ram_256x8_52 |     48(0.07%) |     16(0.02%) |    32(0.11%) | 0(0.00%) |      0(0.00%) |  0(0.00%) | 0(0.00%) | 0(0.00%) |   0(0.00%) |
|       data_memories_28                       |                  ReadWriteSmem_22 |     40(0.06%) |      8(0.01%) |    32(0.11%) | 0(0.00%) |      8(0.01%) |  0(0.00%) | 0(0.00%) | 0(0.00%) |   0(0.00%) |
|         (data_memories_28)                   |                  ReadWriteSmem_22 |      0(0.00%) |      0(0.00%) |     0(0.00%) | 0(0.00%) |      8(0.01%) |  0(0.00%) | 0(0.00%) | 0(0.00%) |   0(0.00%) |
|         ram_ext                              |                      ram_256x8_51 |     40(0.06%) |      8(0.01%) |    32(0.11%) | 0(0.00%) |      0(0.00%) |  0(0.00%) | 0(0.00%) | 0(0.00%) |   0(0.00%) |
|       data_memories_29                       |                  ReadWriteSmem_23 |     48(0.07%) |     16(0.02%) |    32(0.11%) | 0(0.00%) |      8(0.01%) |  0(0.00%) | 0(0.00%) | 0(0.00%) |   0(0.00%) |
|         (data_memories_29)                   |                  ReadWriteSmem_23 |      0(0.00%) |      0(0.00%) |     0(0.00%) | 0(0.00%) |      8(0.01%) |  0(0.00%) | 0(0.00%) | 0(0.00%) |   0(0.00%) |
|         ram_ext                              |                      ram_256x8_50 |     48(0.07%) |     16(0.02%) |    32(0.11%) | 0(0.00%) |      0(0.00%) |  0(0.00%) | 0(0.00%) | 0(0.00%) |   0(0.00%) |
|       data_memories_3                        |                  ReadWriteSmem_24 |     49(0.07%) |     17(0.02%) |    32(0.11%) | 0(0.00%) |      8(0.01%) |  0(0.00%) | 0(0.00%) | 0(0.00%) |   0(0.00%) |
|         (data_memories_3)                    |                  ReadWriteSmem_24 |      0(0.00%) |      0(0.00%) |     0(0.00%) | 0(0.00%) |      8(0.01%) |  0(0.00%) | 0(0.00%) | 0(0.00%) |   0(0.00%) |
|         ram_ext                              |                      ram_256x8_49 |     49(0.07%) |     17(0.02%) |    32(0.11%) | 0(0.00%) |      0(0.00%) |  0(0.00%) | 0(0.00%) | 0(0.00%) |   0(0.00%) |
|       data_memories_30                       |                  ReadWriteSmem_25 |     48(0.07%) |     16(0.02%) |    32(0.11%) | 0(0.00%) |      8(0.01%) |  0(0.00%) | 0(0.00%) | 0(0.00%) |   0(0.00%) |
|         (data_memories_30)                   |                  ReadWriteSmem_25 |      0(0.00%) |      0(0.00%) |     0(0.00%) | 0(0.00%) |      8(0.01%) |  0(0.00%) | 0(0.00%) | 0(0.00%) |   0(0.00%) |
|         ram_ext                              |                      ram_256x8_48 |     48(0.07%) |     16(0.02%) |    32(0.11%) | 0(0.00%) |      0(0.00%) |  0(0.00%) | 0(0.00%) | 0(0.00%) |   0(0.00%) |
|       data_memories_31                       |                  ReadWriteSmem_26 |     48(0.07%) |     16(0.02%) |    32(0.11%) | 0(0.00%) |      8(0.01%) |  0(0.00%) | 0(0.00%) | 0(0.00%) |   0(0.00%) |
|         (data_memories_31)                   |                  ReadWriteSmem_26 |      0(0.00%) |      0(0.00%) |     0(0.00%) | 0(0.00%) |      8(0.01%) |  0(0.00%) | 0(0.00%) | 0(0.00%) |   0(0.00%) |
|         ram_ext                              |                      ram_256x8_47 |     48(0.07%) |     16(0.02%) |    32(0.11%) | 0(0.00%) |      0(0.00%) |  0(0.00%) | 0(0.00%) | 0(0.00%) |   0(0.00%) |
|       data_memories_4                        |                  ReadWriteSmem_27 |     40(0.06%) |      8(0.01%) |    32(0.11%) | 0(0.00%) |      8(0.01%) |  0(0.00%) | 0(0.00%) | 0(0.00%) |   0(0.00%) |
|         (data_memories_4)                    |                  ReadWriteSmem_27 |      0(0.00%) |      0(0.00%) |     0(0.00%) | 0(0.00%) |      8(0.01%) |  0(0.00%) | 0(0.00%) | 0(0.00%) |   0(0.00%) |
|         ram_ext                              |                      ram_256x8_46 |     40(0.06%) |      8(0.01%) |    32(0.11%) | 0(0.00%) |      0(0.00%) |  0(0.00%) | 0(0.00%) | 0(0.00%) |   0(0.00%) |
|       data_memories_5                        |                  ReadWriteSmem_28 |     48(0.07%) |     16(0.02%) |    32(0.11%) | 0(0.00%) |      8(0.01%) |  0(0.00%) | 0(0.00%) | 0(0.00%) |   0(0.00%) |
|         (data_memories_5)                    |                  ReadWriteSmem_28 |      0(0.00%) |      0(0.00%) |     0(0.00%) | 0(0.00%) |      8(0.01%) |  0(0.00%) | 0(0.00%) | 0(0.00%) |   0(0.00%) |
|         ram_ext                              |                      ram_256x8_45 |     48(0.07%) |     16(0.02%) |    32(0.11%) | 0(0.00%) |      0(0.00%) |  0(0.00%) | 0(0.00%) | 0(0.00%) |   0(0.00%) |
|       data_memories_6                        |                  ReadWriteSmem_29 |     48(0.07%) |     16(0.02%) |    32(0.11%) | 0(0.00%) |      8(0.01%) |  0(0.00%) | 0(0.00%) | 0(0.00%) |   0(0.00%) |
|         (data_memories_6)                    |                  ReadWriteSmem_29 |      0(0.00%) |      0(0.00%) |     0(0.00%) | 0(0.00%) |      8(0.01%) |  0(0.00%) | 0(0.00%) | 0(0.00%) |   0(0.00%) |
|         ram_ext                              |                      ram_256x8_44 |     48(0.07%) |     16(0.02%) |    32(0.11%) | 0(0.00%) |      0(0.00%) |  0(0.00%) | 0(0.00%) | 0(0.00%) |   0(0.00%) |
|       data_memories_7                        |                  ReadWriteSmem_30 |     48(0.07%) |     16(0.02%) |    32(0.11%) | 0(0.00%) |      8(0.01%) |  0(0.00%) | 0(0.00%) | 0(0.00%) |   0(0.00%) |
|         (data_memories_7)                    |                  ReadWriteSmem_30 |      0(0.00%) |      0(0.00%) |     0(0.00%) | 0(0.00%) |      8(0.01%) |  0(0.00%) | 0(0.00%) | 0(0.00%) |   0(0.00%) |
|         ram_ext                              |                      ram_256x8_43 |     48(0.07%) |     16(0.02%) |    32(0.11%) | 0(0.00%) |      0(0.00%) |  0(0.00%) | 0(0.00%) | 0(0.00%) |   0(0.00%) |
|       data_memories_8                        |                  ReadWriteSmem_31 |     40(0.06%) |      8(0.01%) |    32(0.11%) | 0(0.00%) |      8(0.01%) |  0(0.00%) | 0(0.00%) | 0(0.00%) |   0(0.00%) |
|         (data_memories_8)                    |                  ReadWriteSmem_31 |      0(0.00%) |      0(0.00%) |     0(0.00%) | 0(0.00%) |      8(0.01%) |  0(0.00%) | 0(0.00%) | 0(0.00%) |   0(0.00%) |
|         ram_ext                              |                      ram_256x8_42 |     40(0.06%) |      8(0.01%) |    32(0.11%) | 0(0.00%) |      0(0.00%) |  0(0.00%) | 0(0.00%) | 0(0.00%) |   0(0.00%) |
|       data_memories_9                        |                  ReadWriteSmem_32 |     48(0.07%) |     16(0.02%) |    32(0.11%) | 0(0.00%) |      8(0.01%) |  0(0.00%) | 0(0.00%) | 0(0.00%) |   0(0.00%) |
|         (data_memories_9)                    |                  ReadWriteSmem_32 |      0(0.00%) |      0(0.00%) |     0(0.00%) | 0(0.00%) |      8(0.01%) |  0(0.00%) | 0(0.00%) | 0(0.00%) |   0(0.00%) |
|         ram_ext                              |                         ram_256x8 |     48(0.07%) |     16(0.02%) |    32(0.11%) | 0(0.00%) |      0(0.00%) |  0(0.00%) | 0(0.00%) | 0(0.00%) |   0(0.00%) |
|       non_cacheable_request_Q                |     Queue8_AXI_request_Q_entry_33 |    928(1.32%) |    864(1.22%) |    64(0.22%) | 0(0.00%) |     10(0.01%) |  0(0.00%) | 0(0.00%) | 0(0.00%) |   0(0.00%) |
|         (non_cacheable_request_Q)            |     Queue8_AXI_request_Q_entry_33 |      4(0.01%) |      4(0.01%) |     0(0.00%) | 0(0.00%) |      7(0.01%) |  0(0.00%) | 0(0.00%) | 0(0.00%) |   0(0.00%) |
|         ram_ext                              |                         ram_8x352 |    924(1.31%) |    860(1.22%) |    64(0.22%) | 0(0.00%) |      3(0.01%) |  0(0.00%) | 0(0.00%) | 0(0.00%) |   0(0.00%) |
|       non_cacheable_response_Q               | Queue8_backend_memory_response_34 |     76(0.11%) |     52(0.07%) |    24(0.08%) | 0(0.00%) |     10(0.01%) |  0(0.00%) | 0(0.00%) | 0(0.00%) |   0(0.00%) |
|         (non_cacheable_response_Q)           | Queue8_backend_memory_response_34 |      6(0.01%) |      6(0.01%) |     0(0.00%) | 0(0.00%) |      7(0.01%) |  0(0.00%) | 0(0.00%) | 0(0.00%) |   0(0.00%) |
|         ram_ext                              |                         ram_8x138 |     70(0.10%) |     46(0.07%) |    24(0.08%) | 0(0.00%) |      3(0.01%) |  0(0.00%) | 0(0.00%) | 0(0.00%) |   0(0.00%) |
|       tag_memories_0                         |               ReadWriteSmem_32_35 |     28(0.04%) |     23(0.03%) |     5(0.02%) | 0(0.00%) |      5(0.01%) |  0(0.00%) | 0(0.00%) | 0(0.00%) |   0(0.00%) |
|         (tag_memories_0)                     |               ReadWriteSmem_32_35 |      1(0.01%) |      1(0.01%) |     0(0.00%) | 0(0.00%) |      5(0.01%) |  0(0.00%) | 0(0.00%) | 0(0.00%) |   0(0.00%) |
|         ram_ext                              |                      ram_64x21_41 |     27(0.04%) |     22(0.03%) |     5(0.02%) | 0(0.00%) |      0(0.00%) |  0(0.00%) | 0(0.00%) | 0(0.00%) |   0(0.00%) |
|       tag_memories_1                         |               ReadWriteSmem_32_36 |     11(0.02%) |      6(0.01%) |     5(0.02%) | 0(0.00%) |      5(0.01%) |  0(0.00%) | 0(0.00%) | 0(0.00%) |   0(0.00%) |
|         (tag_memories_1)                     |               ReadWriteSmem_32_36 |      0(0.00%) |      0(0.00%) |     0(0.00%) | 0(0.00%) |      5(0.01%) |  0(0.00%) | 0(0.00%) | 0(0.00%) |   0(0.00%) |
|         ram_ext                              |                      ram_64x21_40 |     11(0.02%) |      6(0.01%) |     5(0.02%) | 0(0.00%) |      0(0.00%) |  0(0.00%) | 0(0.00%) | 0(0.00%) |   0(0.00%) |
|       tag_memories_2                         |               ReadWriteSmem_32_37 |    884(1.25%) |    879(1.25%) |     5(0.02%) | 0(0.00%) |      5(0.01%) |  0(0.00%) | 0(0.00%) | 0(0.00%) |   0(0.00%) |
|         (tag_memories_2)                     |               ReadWriteSmem_32_37 |    739(1.05%) |    739(1.05%) |     0(0.00%) | 0(0.00%) |      5(0.01%) |  0(0.00%) | 0(0.00%) | 0(0.00%) |   0(0.00%) |
|         ram_ext                              |                      ram_64x21_39 |    145(0.21%) |    140(0.20%) |     5(0.02%) | 0(0.00%) |      0(0.00%) |  0(0.00%) | 0(0.00%) | 0(0.00%) |   0(0.00%) |
|       tag_memories_3                         |               ReadWriteSmem_32_38 |    205(0.29%) |    200(0.28%) |     5(0.02%) | 0(0.00%) |      5(0.01%) |  0(0.00%) | 0(0.00%) | 0(0.00%) |   0(0.00%) |
|         (tag_memories_3)                     |               ReadWriteSmem_32_38 |     13(0.02%) |     13(0.02%) |     0(0.00%) | 0(0.00%) |      5(0.01%) |  0(0.00%) | 0(0.00%) | 0(0.00%) |   0(0.00%) |
|         ram_ext                              |                         ram_64x21 |    192(0.27%) |    187(0.27%) |     5(0.02%) | 0(0.00%) |      0(0.00%) |  0(0.00%) | 0(0.00%) | 0(0.00%) |   0(0.00%) |
|     instruction_cache                        |              L1_instruction_cache |   1369(1.94%) |   1367(1.94%) |     2(0.01%) | 0(0.00%) |    819(0.58%) |  8(3.70%) | 0(0.00%) | 0(0.00%) |   0(0.00%) |
|       (instruction_cache)                    |              L1_instruction_cache |     53(0.08%) |     53(0.08%) |     0(0.00%) | 0(0.00%) |    381(0.27%) |  0(0.00%) | 0(0.00%) | 0(0.00%) |   0(0.00%) |
|       CPU_response_skid_buffer               |               Queue1_fetch_packet |    568(0.80%) |    568(0.80%) |     0(0.00%) | 0(0.00%) |    169(0.12%) |  0(0.00%) | 0(0.00%) | 0(0.00%) |   0(0.00%) |
|       LRU_memory                             |                SDPReadWriteSmem_1 |      7(0.01%) |      5(0.01%) |     2(0.01%) | 0(0.00%) |      9(0.01%) |  0(0.00%) | 0(0.00%) | 0(0.00%) |   0(0.00%) |
|         (LRU_memory)                         |                SDPReadWriteSmem_1 |      1(0.01%) |      1(0.01%) |     0(0.00%) | 0(0.00%) |      3(0.01%) |  0(0.00%) | 0(0.00%) | 0(0.00%) |   0(0.00%) |
|         mem_ext                              |                          mem_64x2 |      6(0.01%) |      4(0.01%) |     2(0.01%) | 0(0.00%) |      6(0.01%) |  0(0.00%) | 0(0.00%) | 0(0.00%) |   0(0.00%) |
|       data_memory_0                          |              icache_ReadWriteSmem |    193(0.27%) |    193(0.27%) |     0(0.00%) | 0(0.00%) |      0(0.00%) |  4(1.85%) | 0(0.00%) | 0(0.00%) |   0(0.00%) |
|         mem_ext                              |                      mem_64x278_1 |    193(0.27%) |    193(0.27%) |     0(0.00%) | 0(0.00%) |      0(0.00%) |  4(1.85%) | 0(0.00%) | 0(0.00%) |   0(0.00%) |
|       data_memory_1                          |            icache_ReadWriteSmem_0 |    155(0.22%) |    155(0.22%) |     0(0.00%) | 0(0.00%) |      0(0.00%) |  4(1.85%) | 0(0.00%) | 0(0.00%) |   0(0.00%) |
|         mem_ext                              |                        mem_64x278 |    155(0.22%) |    155(0.22%) |     0(0.00%) | 0(0.00%) |      0(0.00%) |  4(1.85%) | 0(0.00%) | 0(0.00%) |   0(0.00%) |
|       final_response_buffer                  |         Queue1_final_AXI_response |    393(0.56%) |    393(0.56%) |     0(0.00%) | 0(0.00%) |    260(0.18%) |  0(0.00%) | 0(0.00%) | 0(0.00%) |   0(0.00%) |
|   axi_interconnect                           |              axi_interconnect_2x2 |    152(0.22%) |    152(0.22%) |     0(0.00%) | 0(0.00%) |    216(0.15%) |  0(0.00%) | 0(0.00%) | 0(0.00%) |   0(0.00%) |
|     NOC                                      |         axi_interconnect_wrap_2x2 |    152(0.22%) |    152(0.22%) |     0(0.00%) | 0(0.00%) |    216(0.15%) |  0(0.00%) | 0(0.00%) | 0(0.00%) |   0(0.00%) |
|       axi_interconnect_inst                  |                  axi_interconnect |    152(0.22%) |    152(0.22%) |     0(0.00%) | 0(0.00%) |    216(0.15%) |  0(0.00%) | 0(0.00%) | 0(0.00%) |   0(0.00%) |
|         (axi_interconnect_inst)              |                  axi_interconnect |     36(0.05%) |     36(0.05%) |     0(0.00%) | 0(0.00%) |    208(0.15%) |  0(0.00%) | 0(0.00%) | 0(0.00%) |   0(0.00%) |
|         arb_inst                             |                           arbiter |    116(0.16%) |    116(0.16%) |     0(0.00%) | 0(0.00%) |      8(0.01%) |  0(0.00%) | 0(0.00%) | 0(0.00%) |   0(0.00%) |
+----------------------------------------------+-----------------------------------+---------------+---------------+--------------+----------+---------------+-----------+----------+----------+------------+


