Copyright 1986-2022 Xilinx, Inc. All Rights Reserved. Copyright 2022-2024 Advanced Micro Devices, Inc. All Rights Reserved.
---------------------------------------------------------------------------------------------------------------------------------------------
| Tool Version : Vivado v.2024.1 (lin64) Build 5076996 Wed May 22 18:36:09 MDT 2024
| Date         : Thu Aug 29 06:58:57 2024
| Host         : hakam-MS-7D46 running 64-bit Ubuntu 24.04 LTS
| Command      : report_utilization -file utilization_synth.rpt -hierarchical -hierarchical_depth 10 -hierarchical_percentage
| Design       : SOC
| Device       : xczu3eg-sbva484-1-i
| Speed File   : -1
| Design State : Synthesized
---------------------------------------------------------------------------------------------------------------------------------------------

Utilization Design Information

Table of Contents
-----------------
1. Utilization by Hierarchy

1. Utilization by Hierarchy
---------------------------

+----------------------------------------------+-----------------------------------+---------------+---------------+--------------+----------+--------------+-----------+----------+----------+------------+
|                   Instance                   |               Module              |   Total LUTs  |   Logic LUTs  |    LUTRAMs   |   SRLs   |      FFs     |   RAMB36  |  RAMB18  |   URAM   | DSP Blocks |
+----------------------------------------------+-----------------------------------+---------------+---------------+--------------+----------+--------------+-----------+----------+----------+------------+
| SOC                                          |                             (top) | 24040(34.07%) | 20174(28.59%) | 3866(13.42%) | 0(0.00%) | 11340(8.04%) | 20(9.26%) | 1(0.23%) | 0(0.00%) |   0(0.00%) |
|   (SOC)                                      |                             (top) |    168(0.24%) |      0(0.00%) |   168(0.58%) | 0(0.00%) |     0(0.00%) |  0(0.00%) | 0(0.00%) | 0(0.00%) |   0(0.00%) |
|   AXI_debug_printer                          |                 AXI_debug_printer |      2(0.01%) |      2(0.01%) |     0(0.00%) | 0(0.00%) |     2(0.01%) |  0(0.00%) | 0(0.00%) | 0(0.00%) |   0(0.00%) |
|   ChaosCore_tile                             |                    ChaosCore_tile | 23718(33.61%) | 20020(28.37%) | 3698(12.84%) | 0(0.00%) | 11122(7.88%) | 20(9.26%) | 1(0.23%) | 0(0.00%) |   0(0.00%) |
|     (ChaosCore_tile)                         |                    ChaosCore_tile |     13(0.02%) |     13(0.02%) |     0(0.00%) | 0(0.00%) |     0(0.00%) |  0(0.00%) | 0(0.00%) | 0(0.00%) |   0(0.00%) |
|     ChaosCore                                |                         ChaosCore | 16819(23.84%) | 14587(20.67%) |  2232(7.75%) | 0(0.00%) |  6590(4.67%) | 12(5.56%) | 1(0.23%) | 0(0.00%) |   0(0.00%) |
|       (ChaosCore)                            |                         ChaosCore |    100(0.14%) |    100(0.14%) |     0(0.00%) | 0(0.00%) |     0(0.00%) |  0(0.00%) | 0(0.00%) | 0(0.00%) |   0(0.00%) |
|       ROB                                    |                               ROB |   1688(2.39%) |   1296(1.84%) |   392(1.36%) | 0(0.00%) |   428(0.30%) |  0(0.00%) | 0(0.00%) | 0(0.00%) |   0(0.00%) |
|         (ROB)                                |                               ROB |     58(0.08%) |     58(0.08%) |     0(0.00%) | 0(0.00%) |   112(0.08%) |  0(0.00%) | 0(0.00%) | 0(0.00%) |   0(0.00%) |
|         ROB_WB_banks_0                       |                        ROB_WB_mem |     57(0.08%) |     57(0.08%) |     0(0.00%) | 0(0.00%) |    64(0.05%) |  0(0.00%) | 0(0.00%) | 0(0.00%) |   0(0.00%) |
|           mem_busy_ext                       |                  mem_busy_64x1_97 |     57(0.08%) |     57(0.08%) |     0(0.00%) | 0(0.00%) |    64(0.05%) |  0(0.00%) | 0(0.00%) | 0(0.00%) |   0(0.00%) |
|         ROB_WB_banks_1                       |                     ROB_WB_mem_82 |     34(0.05%) |     34(0.05%) |     0(0.00%) | 0(0.00%) |    64(0.05%) |  0(0.00%) | 0(0.00%) | 0(0.00%) |   0(0.00%) |
|           mem_busy_ext                       |                  mem_busy_64x1_96 |     34(0.05%) |     34(0.05%) |     0(0.00%) | 0(0.00%) |    64(0.05%) |  0(0.00%) | 0(0.00%) | 0(0.00%) |   0(0.00%) |
|         ROB_WB_banks_2                       |                     ROB_WB_mem_83 |     34(0.05%) |     34(0.05%) |     0(0.00%) | 0(0.00%) |    70(0.05%) |  0(0.00%) | 0(0.00%) | 0(0.00%) |   0(0.00%) |
|           mem_busy_ext                       |                  mem_busy_64x1_95 |     34(0.05%) |     34(0.05%) |     0(0.00%) | 0(0.00%) |    70(0.05%) |  0(0.00%) | 0(0.00%) | 0(0.00%) |   0(0.00%) |
|         ROB_WB_banks_3                       |                     ROB_WB_mem_84 |     34(0.05%) |     34(0.05%) |     0(0.00%) | 0(0.00%) |    64(0.05%) |  0(0.00%) | 0(0.00%) | 0(0.00%) |   0(0.00%) |
|           mem_busy_ext                       |                     mem_busy_64x1 |     34(0.05%) |     34(0.05%) |     0(0.00%) | 0(0.00%) |    64(0.05%) |  0(0.00%) | 0(0.00%) | 0(0.00%) |   0(0.00%) |
|         ROB_entry_banks_0                    |                     ROB_entry_mem |     88(0.12%) |     68(0.10%) |    20(0.07%) | 0(0.00%) |     0(0.00%) |  0(0.00%) | 0(0.00%) | 0(0.00%) |   0(0.00%) |
|           mem_ext                            |                      mem_64x17_94 |     88(0.12%) |     68(0.10%) |    20(0.07%) | 0(0.00%) |     0(0.00%) |  0(0.00%) | 0(0.00%) | 0(0.00%) |   0(0.00%) |
|         ROB_entry_banks_1                    |                  ROB_entry_mem_85 |    352(0.50%) |    332(0.47%) |    20(0.07%) | 0(0.00%) |     0(0.00%) |  0(0.00%) | 0(0.00%) | 0(0.00%) |   0(0.00%) |
|           mem_ext                            |                      mem_64x17_93 |    352(0.50%) |    332(0.47%) |    20(0.07%) | 0(0.00%) |     0(0.00%) |  0(0.00%) | 0(0.00%) | 0(0.00%) |   0(0.00%) |
|         ROB_entry_banks_2                    |                  ROB_entry_mem_86 |    472(0.67%) |    452(0.64%) |    20(0.07%) | 0(0.00%) |     0(0.00%) |  0(0.00%) | 0(0.00%) | 0(0.00%) |   0(0.00%) |
|           mem_ext                            |                      mem_64x17_92 |    472(0.67%) |    452(0.64%) |    20(0.07%) | 0(0.00%) |     0(0.00%) |  0(0.00%) | 0(0.00%) | 0(0.00%) |   0(0.00%) |
|         ROB_entry_banks_3                    |                  ROB_entry_mem_87 |     60(0.09%) |     40(0.06%) |    20(0.07%) | 0(0.00%) |     0(0.00%) |  0(0.00%) | 0(0.00%) | 0(0.00%) |   0(0.00%) |
|           mem_ext                            |                         mem_64x17 |     60(0.09%) |     40(0.06%) |    20(0.07%) | 0(0.00%) |     0(0.00%) |  0(0.00%) | 0(0.00%) | 0(0.00%) |   0(0.00%) |
|         fetch_prediction_bank_ext            |                       fetch_64x53 |     44(0.06%) |      4(0.01%) |    40(0.14%) | 0(0.00%) |     0(0.00%) |  0(0.00%) | 0(0.00%) | 0(0.00%) |   0(0.00%) |
|         fetch_resolved_banks_0_ext           |                    fetch_64x53_88 |     41(0.06%) |      1(0.01%) |    40(0.14%) | 0(0.00%) |     0(0.00%) |  0(0.00%) | 0(0.00%) | 0(0.00%) |   0(0.00%) |
|         fetch_resolved_banks_1_ext           |                    fetch_64x53_89 |     40(0.06%) |      0(0.00%) |    40(0.14%) | 0(0.00%) |     0(0.00%) |  0(0.00%) | 0(0.00%) | 0(0.00%) |   0(0.00%) |
|         fetch_resolved_banks_2_ext           |                    fetch_64x53_90 |     41(0.06%) |      1(0.01%) |    40(0.14%) | 0(0.00%) |     0(0.00%) |  0(0.00%) | 0(0.00%) | 0(0.00%) |   0(0.00%) |
|         fetch_resolved_banks_3_ext           |                    fetch_64x53_91 |     63(0.09%) |     23(0.03%) |    40(0.14%) | 0(0.00%) |     0(0.00%) |  0(0.00%) | 0(0.00%) | 0(0.00%) |   0(0.00%) |
|         shared_mem                           |                    ROB_shared_mem |    270(0.38%) |    158(0.22%) |   112(0.39%) | 0(0.00%) |    54(0.04%) |  0(0.00%) | 0(0.00%) | 0(0.00%) |   0(0.00%) |
|           mem_ext                            |                         mem_64x70 |    270(0.38%) |    158(0.22%) |   112(0.39%) | 0(0.00%) |    54(0.04%) |  0(0.00%) | 0(0.00%) | 0(0.00%) |   0(0.00%) |
|       backend                                |                           backend |  9562(13.55%) |  8722(12.36%) |   840(2.92%) | 0(0.00%) |  5221(3.70%) |  0(0.00%) | 0(0.00%) | 0(0.00%) |   0(0.00%) |
|         (backend)                            |                           backend |      0(0.00%) |      0(0.00%) |     0(0.00%) | 0(0.00%) |   172(0.12%) |  0(0.00%) | 0(0.00%) | 0(0.00%) |   0(0.00%) |
|         AGU                                  |                               AGU |    521(0.74%) |    521(0.74%) |     0(0.00%) | 0(0.00%) |    52(0.04%) |  0(0.00%) | 0(0.00%) | 0(0.00%) |   0(0.00%) |
|         FU0                                  |                                FU |    744(1.05%) |    744(1.05%) |     0(0.00%) | 0(0.00%) |   115(0.08%) |  0(0.00%) | 0(0.00%) | 0(0.00%) |   0(0.00%) |
|           (FU0)                              |                                FU |     39(0.06%) |     39(0.06%) |     0(0.00%) | 0(0.00%) |     1(0.01%) |  0(0.00%) | 0(0.00%) | 0(0.00%) |   0(0.00%) |
|           ALU                                |                            ALU_81 |    680(0.96%) |    680(0.96%) |     0(0.00%) | 0(0.00%) |    49(0.03%) |  0(0.00%) | 0(0.00%) | 0(0.00%) |   0(0.00%) |
|           branch_unit                        |                       branch_unit |     25(0.04%) |     25(0.04%) |     0(0.00%) | 0(0.00%) |    65(0.05%) |  0(0.00%) | 0(0.00%) | 0(0.00%) |   0(0.00%) |
|         FU1                                  |                              FU_1 |    533(0.76%) |    533(0.76%) |     0(0.00%) | 0(0.00%) |    59(0.04%) |  0(0.00%) | 0(0.00%) | 0(0.00%) |   0(0.00%) |
|           ALU                                |                            ALU_80 |    533(0.76%) |    533(0.76%) |     0(0.00%) | 0(0.00%) |    59(0.04%) |  0(0.00%) | 0(0.00%) | 0(0.00%) |   0(0.00%) |
|         FU2                                  |                           FU_1_79 |    744(1.05%) |    744(1.05%) |     0(0.00%) | 0(0.00%) |    61(0.04%) |  0(0.00%) | 0(0.00%) | 0(0.00%) |   0(0.00%) |
|           ALU                                |                               ALU |    744(1.05%) |    744(1.05%) |     0(0.00%) | 0(0.00%) |    61(0.04%) |  0(0.00%) | 0(0.00%) | 0(0.00%) |   0(0.00%) |
|         INT_PRF                              |                       nReadmWrite |   3106(4.40%) |   2266(3.21%) |   840(2.92%) | 0(0.00%) |   814(0.58%) |  0(0.00%) | 0(0.00%) | 0(0.00%) |   0(0.00%) |
|         INT_RS                               |                                RS |   2619(3.71%) |   2619(3.71%) |     0(0.00%) | 0(0.00%) |  2078(1.47%) |  0(0.00%) | 0(0.00%) | 0(0.00%) |   0(0.00%) |
|         MEM_RS                               |                              RS_1 |    914(1.30%) |    914(1.30%) |     0(0.00%) | 0(0.00%) |  1216(0.86%) |  0(0.00%) | 0(0.00%) | 0(0.00%) |   0(0.00%) |
|         MOB                                  |                        simple_MOB |    382(0.54%) |    382(0.54%) |     0(0.00%) | 0(0.00%) |   654(0.46%) |  0(0.00%) | 0(0.00%) | 0(0.00%) |   0(0.00%) |
|       frontend                               |                          frontend |   5469(7.75%) |   4469(6.33%) |  1000(3.47%) | 0(0.00%) |   941(0.67%) | 12(5.56%) | 1(0.23%) | 0(0.00%) |   0(0.00%) |
|         decoders                             |              fetch_packet_decoder |    437(0.62%) |    189(0.27%) |   248(0.86%) | 0(0.00%) |    30(0.02%) |  0(0.00%) | 0(0.00%) | 0(0.00%) |   0(0.00%) |
|           (decoders)                         |              fetch_packet_decoder |      0(0.00%) |      0(0.00%) |     0(0.00%) | 0(0.00%) |     1(0.01%) |  0(0.00%) | 0(0.00%) | 0(0.00%) |   0(0.00%) |
|           decoded_fetch_packet_out_Q         |    Queue2_decoded_fetch_packet_74 |    433(0.61%) |    185(0.26%) |   248(0.86%) | 0(0.00%) |     5(0.01%) |  0(0.00%) | 0(0.00%) | 0(0.00%) |   0(0.00%) |
|             (decoded_fetch_packet_out_Q)     |    Queue2_decoded_fetch_packet_74 |      3(0.01%) |      3(0.01%) |     0(0.00%) | 0(0.00%) |     5(0.01%) |  0(0.00%) | 0(0.00%) | 0(0.00%) |   0(0.00%) |
|             ram_ext                          |                      ram_2x471_78 |    430(0.61%) |    182(0.26%) |   248(0.86%) | 0(0.00%) |     0(0.00%) |  0(0.00%) | 0(0.00%) | 0(0.00%) |   0(0.00%) |
|           decoders_0                         |                           decoder |      1(0.01%) |      1(0.01%) |     0(0.00%) | 0(0.00%) |     6(0.01%) |  0(0.00%) | 0(0.00%) | 0(0.00%) |   0(0.00%) |
|           decoders_1                         |                        decoder_75 |      1(0.01%) |      1(0.01%) |     0(0.00%) | 0(0.00%) |     6(0.01%) |  0(0.00%) | 0(0.00%) | 0(0.00%) |   0(0.00%) |
|           decoders_2                         |                        decoder_76 |      1(0.01%) |      1(0.01%) |     0(0.00%) | 0(0.00%) |     6(0.01%) |  0(0.00%) | 0(0.00%) | 0(0.00%) |   0(0.00%) |
|           decoders_3                         |                        decoder_77 |      1(0.01%) |      1(0.01%) |     0(0.00%) | 0(0.00%) |     6(0.01%) |  0(0.00%) | 0(0.00%) | 0(0.00%) |   0(0.00%) |
|         instruction_fetch                    |                 instruction_fetch |    671(0.95%) |    423(0.60%) |   248(0.86%) | 0(0.00%) |   358(0.25%) | 12(5.56%) | 1(0.23%) | 0(0.00%) |   0(0.00%) |
|           BTB_Q                              |                Queue16_prediction |    111(0.16%) |     79(0.11%) |    32(0.11%) | 0(0.00%) |    13(0.01%) |  0(0.00%) | 0(0.00%) | 0(0.00%) |   0(0.00%) |
|             (BTB_Q)                          |                Queue16_prediction |     16(0.02%) |     16(0.02%) |     0(0.00%) | 0(0.00%) |     9(0.01%) |  0(0.00%) | 0(0.00%) | 0(0.00%) |   0(0.00%) |
|             ram_ext                          |                         ram_16x53 |     95(0.13%) |     63(0.09%) |    32(0.11%) | 0(0.00%) |     4(0.01%) |  0(0.00%) | 0(0.00%) | 0(0.00%) |   0(0.00%) |
|           PC_Q                               |   Queue16_frontend_memory_request |     73(0.10%) |     53(0.08%) |    20(0.07%) | 0(0.00%) |    13(0.01%) |  0(0.00%) | 0(0.00%) | 0(0.00%) |   0(0.00%) |
|             (PC_Q)                           |   Queue16_frontend_memory_request |     10(0.01%) |     10(0.01%) |     0(0.00%) | 0(0.00%) |     9(0.01%) |  0(0.00%) | 0(0.00%) | 0(0.00%) |   0(0.00%) |
|             ram_ext                          |                         ram_16x65 |     63(0.09%) |     43(0.06%) |    20(0.07%) | 0(0.00%) |     4(0.01%) |  0(0.00%) | 0(0.00%) | 0(0.00%) |   0(0.00%) |
|           PC_gen                             |                            PC_gen |     31(0.04%) |     31(0.04%) |     0(0.00%) | 0(0.00%) |    64(0.05%) |  0(0.00%) | 0(0.00%) | 0(0.00%) |   0(0.00%) |
|           bp                                 |                                BP |    275(0.39%) |    179(0.25%) |    96(0.33%) | 0(0.00%) |   203(0.14%) | 12(5.56%) | 1(0.23%) | 0(0.00%) |   0(0.00%) |
|             (bp)                             |                                BP |      0(0.00%) |      0(0.00%) |     0(0.00%) | 0(0.00%) |     1(0.01%) |  0(0.00%) | 0(0.00%) | 0(0.00%) |   0(0.00%) |
|             BTB                              |                          hash_BTB |    115(0.16%) |    115(0.16%) |     0(0.00%) | 0(0.00%) |    71(0.05%) |  6(2.78%) | 1(0.23%) | 0(0.00%) |   0(0.00%) |
|               (BTB)                          |                          hash_BTB |      0(0.00%) |      0(0.00%) |     0(0.00%) | 0(0.00%) |    19(0.01%) |  0(0.00%) | 0(0.00%) | 0(0.00%) |   0(0.00%) |
|               BTB_memory                     |                      hash_BTB_mem |    115(0.16%) |    115(0.16%) |     0(0.00%) | 0(0.00%) |    52(0.04%) |  6(2.78%) | 1(0.23%) | 0(0.00%) |   0(0.00%) |
|                 (BTB_memory)                 |                      hash_BTB_mem |      0(0.00%) |      0(0.00%) |     0(0.00%) | 0(0.00%) |    52(0.04%) |  0(0.00%) | 0(0.00%) | 0(0.00%) |   0(0.00%) |
|                 mem_ext                      |                       mem_4096x56 |    115(0.16%) |    115(0.16%) |     0(0.00%) | 0(0.00%) |     0(0.00%) |  6(2.78%) | 1(0.23%) | 0(0.00%) |   0(0.00%) |
|             RAS                              |                               RAS |    146(0.21%) |     50(0.07%) |    96(0.33%) | 0(0.00%) |    59(0.04%) |  0(0.00%) | 0(0.00%) | 0(0.00%) |   0(0.00%) |
|               (RAS)                          |                               RAS |      4(0.01%) |      4(0.01%) |     0(0.00%) | 0(0.00%) |    14(0.01%) |  0(0.00%) | 0(0.00%) | 0(0.00%) |   0(0.00%) |
|               RAS_memory                     |                  SDPReadWriteSmem |    142(0.20%) |     46(0.07%) |    96(0.33%) | 0(0.00%) |    45(0.03%) |  0(0.00%) | 0(0.00%) | 0(0.00%) |   0(0.00%) |
|                 (RAS_memory)                 |                  SDPReadWriteSmem |      0(0.00%) |      0(0.00%) |     0(0.00%) | 0(0.00%) |    38(0.03%) |  0(0.00%) | 0(0.00%) | 0(0.00%) |   0(0.00%) |
|                 mem_ext                      |                        mem_128x39 |    142(0.20%) |     46(0.07%) |    96(0.33%) | 0(0.00%) |     7(0.01%) |  0(0.00%) | 0(0.00%) | 0(0.00%) |   0(0.00%) |
|             gshare                           |                            gshare |      5(0.01%) |      5(0.01%) |     0(0.00%) | 0(0.00%) |    18(0.01%) |  6(2.78%) | 0(0.00%) | 0(0.00%) |   0(0.00%) |
|               (gshare)                       |                            gshare |      0(0.00%) |      0(0.00%) |     0(0.00%) | 0(0.00%) |    17(0.01%) |  0(0.00%) | 0(0.00%) | 0(0.00%) |   0(0.00%) |
|               PHT                            |                        PHT_memory |      5(0.01%) |      5(0.01%) |     0(0.00%) | 0(0.00%) |     1(0.01%) |  6(2.78%) | 0(0.00%) | 0(0.00%) |   0(0.00%) |
|                 mem_ext                      |                       mem_65536x2 |      5(0.01%) |      5(0.01%) |     0(0.00%) | 0(0.00%) |     1(0.01%) |  6(2.78%) | 0(0.00%) | 0(0.00%) |   0(0.00%) |
|             prediction_skid_buffer           |                 Queue1_prediction |      9(0.01%) |      9(0.01%) |     0(0.00%) | 0(0.00%) |    54(0.04%) |  0(0.00%) | 0(0.00%) | 0(0.00%) |   0(0.00%) |
|           instruction_Q                      |              Queue16_fetch_packet |    129(0.18%) |     29(0.04%) |   100(0.35%) | 0(0.00%) |    13(0.01%) |  0(0.00%) | 0(0.00%) | 0(0.00%) |   0(0.00%) |
|             (instruction_Q)                  |              Queue16_fetch_packet |     14(0.02%) |     14(0.02%) |     0(0.00%) | 0(0.00%) |     9(0.01%) |  0(0.00%) | 0(0.00%) | 0(0.00%) |   0(0.00%) |
|             ram_ext                          |                        ram_16x287 |    115(0.16%) |     15(0.02%) |   100(0.35%) | 0(0.00%) |     4(0.01%) |  0(0.00%) | 0(0.00%) | 0(0.00%) |   0(0.00%) |
|           predecoder                         |                        predecoder |     53(0.08%) |     53(0.08%) |     0(0.00%) | 0(0.00%) |    52(0.04%) |  0(0.00%) | 0(0.00%) | 0(0.00%) |   0(0.00%) |
|             (predecoder)                     |                        predecoder |     46(0.07%) |     46(0.07%) |     0(0.00%) | 0(0.00%) |    49(0.03%) |  0(0.00%) | 0(0.00%) | 0(0.00%) |   0(0.00%) |
|             final_fetch_packet_out_Q         |               Queue2_fetch_packet |      7(0.01%) |      7(0.01%) |     0(0.00%) | 0(0.00%) |     3(0.01%) |  0(0.00%) | 0(0.00%) | 0(0.00%) |   0(0.00%) |
|         instruction_queue                    |      Queue16_decoded_fetch_packet |    862(1.22%) |    614(0.87%) |   248(0.86%) | 0(0.00%) |    21(0.01%) |  0(0.00%) | 0(0.00%) | 0(0.00%) |   0(0.00%) |
|           (instruction_queue)                |      Queue16_decoded_fetch_packet |     11(0.02%) |     11(0.02%) |     0(0.00%) | 0(0.00%) |     9(0.01%) |  0(0.00%) | 0(0.00%) | 0(0.00%) |   0(0.00%) |
|           ram_ext                            |                        ram_16x471 |    851(1.21%) |    603(0.85%) |   248(0.86%) | 0(0.00%) |    12(0.01%) |  0(0.00%) | 0(0.00%) | 0(0.00%) |   0(0.00%) |
|         rename                               |                            rename |   3499(4.96%) |   3243(4.60%) |   256(0.89%) | 0(0.00%) |   532(0.38%) |  0(0.00%) | 0(0.00%) | 0(0.00%) |   0(0.00%) |
|           (rename)                           |                            rename |      0(0.00%) |      0(0.00%) |     0(0.00%) | 0(0.00%) |    65(0.05%) |  0(0.00%) | 0(0.00%) | 0(0.00%) |   0(0.00%) |
|           RAT                                |                               RAT |    503(0.71%) |    503(0.71%) |     0(0.00%) | 0(0.00%) |   448(0.32%) |  0(0.00%) | 0(0.00%) | 0(0.00%) |   0(0.00%) |
|           free_list                          |                         free_list |    277(0.39%) |    277(0.39%) |     0(0.00%) | 0(0.00%) |    14(0.01%) |  0(0.00%) | 0(0.00%) | 0(0.00%) |   0(0.00%) |
|           renamed_decoded_fetch_packet_Q     |       Queue2_decoded_fetch_packet |   2719(3.85%) |   2463(3.49%) |   256(0.89%) | 0(0.00%) |     5(0.01%) |  0(0.00%) | 0(0.00%) | 0(0.00%) |   0(0.00%) |
|             (renamed_decoded_fetch_packet_Q) |       Queue2_decoded_fetch_packet |     15(0.02%) |     15(0.02%) |     0(0.00%) | 0(0.00%) |     5(0.01%) |  0(0.00%) | 0(0.00%) | 0(0.00%) |   0(0.00%) |
|             ram_ext                          |                         ram_2x471 |   2704(3.83%) |   2448(3.47%) |   256(0.89%) | 0(0.00%) |     0(0.00%) |  0(0.00%) | 0(0.00%) | 0(0.00%) |   0(0.00%) |
|     data_cache                               |                     L1_data_cache |   5515(7.82%) |   4051(5.74%) |  1464(5.08%) | 0(0.00%) |  3713(2.63%) |  0(0.00%) | 0(0.00%) | 0(0.00%) |   0(0.00%) |
|       (data_cache)                           |                     L1_data_cache |    997(1.41%) |    997(1.41%) |     0(0.00%) | 0(0.00%) |  3394(2.41%) |  0(0.00%) | 0(0.00%) | 0(0.00%) |   0(0.00%) |
|       AXI_request_Q                          |        Queue2_AXI_request_Q_entry |    599(0.85%) |    403(0.57%) |   196(0.68%) | 0(0.00%) |     4(0.01%) |  0(0.00%) | 0(0.00%) | 0(0.00%) |   0(0.00%) |
|         (AXI_request_Q)                      |        Queue2_AXI_request_Q_entry |      0(0.00%) |      0(0.00%) |     0(0.00%) | 0(0.00%) |     3(0.01%) |  0(0.00%) | 0(0.00%) | 0(0.00%) |   0(0.00%) |
|         ram_ext                              |                         ram_2x352 |    599(0.85%) |    403(0.57%) |   196(0.68%) | 0(0.00%) |     1(0.01%) |  0(0.00%) | 0(0.00%) | 0(0.00%) |   0(0.00%) |
|       CPU_response_skid_buffer               |    Queue3_backend_memory_response |      6(0.01%) |      6(0.01%) |     0(0.00%) | 0(0.00%) |     5(0.01%) |  0(0.00%) | 0(0.00%) | 0(0.00%) |   0(0.00%) |
|       cacheable_request_Q                    |        Queue8_AXI_request_Q_entry |    314(0.45%) |    138(0.20%) |   176(0.61%) | 0(0.00%) |    10(0.01%) |  0(0.00%) | 0(0.00%) | 0(0.00%) |   0(0.00%) |
|         (cacheable_request_Q)                |        Queue8_AXI_request_Q_entry |      5(0.01%) |      5(0.01%) |     0(0.00%) | 0(0.00%) |     7(0.01%) |  0(0.00%) | 0(0.00%) | 0(0.00%) |   0(0.00%) |
|         ram_ext                              |                      ram_8x352_73 |    309(0.44%) |    133(0.19%) |   176(0.61%) | 0(0.00%) |     3(0.01%) |  0(0.00%) | 0(0.00%) | 0(0.00%) |   0(0.00%) |
|       cacheable_response_Q                   |    Queue8_backend_memory_response |      9(0.01%) |      9(0.01%) |     0(0.00%) | 0(0.00%) |     7(0.01%) |  0(0.00%) | 0(0.00%) | 0(0.00%) |   0(0.00%) |
|       data_memories_0                        |                     ReadWriteSmem |     40(0.06%) |      8(0.01%) |    32(0.11%) | 0(0.00%) |     8(0.01%) |  0(0.00%) | 0(0.00%) | 0(0.00%) |   0(0.00%) |
|         (data_memories_0)                    |                     ReadWriteSmem |      0(0.00%) |      0(0.00%) |     0(0.00%) | 0(0.00%) |     8(0.01%) |  0(0.00%) | 0(0.00%) | 0(0.00%) |   0(0.00%) |
|         ram_ext                              |                      ram_256x8_72 |     40(0.06%) |      8(0.01%) |    32(0.11%) | 0(0.00%) |     0(0.00%) |  0(0.00%) | 0(0.00%) | 0(0.00%) |   0(0.00%) |
|       data_memories_1                        |                   ReadWriteSmem_2 |     57(0.08%) |     25(0.04%) |    32(0.11%) | 0(0.00%) |     8(0.01%) |  0(0.00%) | 0(0.00%) | 0(0.00%) |   0(0.00%) |
|         (data_memories_1)                    |                   ReadWriteSmem_2 |      0(0.00%) |      0(0.00%) |     0(0.00%) | 0(0.00%) |     8(0.01%) |  0(0.00%) | 0(0.00%) | 0(0.00%) |   0(0.00%) |
|         ram_ext                              |                      ram_256x8_71 |     57(0.08%) |     25(0.04%) |    32(0.11%) | 0(0.00%) |     0(0.00%) |  0(0.00%) | 0(0.00%) | 0(0.00%) |   0(0.00%) |
|       data_memories_10                       |                   ReadWriteSmem_3 |     40(0.06%) |      8(0.01%) |    32(0.11%) | 0(0.00%) |     8(0.01%) |  0(0.00%) | 0(0.00%) | 0(0.00%) |   0(0.00%) |
|         (data_memories_10)                   |                   ReadWriteSmem_3 |      0(0.00%) |      0(0.00%) |     0(0.00%) | 0(0.00%) |     8(0.01%) |  0(0.00%) | 0(0.00%) | 0(0.00%) |   0(0.00%) |
|         ram_ext                              |                      ram_256x8_70 |     40(0.06%) |      8(0.01%) |    32(0.11%) | 0(0.00%) |     0(0.00%) |  0(0.00%) | 0(0.00%) | 0(0.00%) |   0(0.00%) |
|       data_memories_11                       |                   ReadWriteSmem_4 |     40(0.06%) |      8(0.01%) |    32(0.11%) | 0(0.00%) |     8(0.01%) |  0(0.00%) | 0(0.00%) | 0(0.00%) |   0(0.00%) |
|         (data_memories_11)                   |                   ReadWriteSmem_4 |      0(0.00%) |      0(0.00%) |     0(0.00%) | 0(0.00%) |     8(0.01%) |  0(0.00%) | 0(0.00%) | 0(0.00%) |   0(0.00%) |
|         ram_ext                              |                      ram_256x8_69 |     40(0.06%) |      8(0.01%) |    32(0.11%) | 0(0.00%) |     0(0.00%) |  0(0.00%) | 0(0.00%) | 0(0.00%) |   0(0.00%) |
|       data_memories_12                       |                   ReadWriteSmem_5 |     40(0.06%) |      8(0.01%) |    32(0.11%) | 0(0.00%) |     8(0.01%) |  0(0.00%) | 0(0.00%) | 0(0.00%) |   0(0.00%) |
|         (data_memories_12)                   |                   ReadWriteSmem_5 |      0(0.00%) |      0(0.00%) |     0(0.00%) | 0(0.00%) |     8(0.01%) |  0(0.00%) | 0(0.00%) | 0(0.00%) |   0(0.00%) |
|         ram_ext                              |                      ram_256x8_68 |     40(0.06%) |      8(0.01%) |    32(0.11%) | 0(0.00%) |     0(0.00%) |  0(0.00%) | 0(0.00%) | 0(0.00%) |   0(0.00%) |
|       data_memories_13                       |                   ReadWriteSmem_6 |     40(0.06%) |      8(0.01%) |    32(0.11%) | 0(0.00%) |     8(0.01%) |  0(0.00%) | 0(0.00%) | 0(0.00%) |   0(0.00%) |
|         (data_memories_13)                   |                   ReadWriteSmem_6 |      0(0.00%) |      0(0.00%) |     0(0.00%) | 0(0.00%) |     8(0.01%) |  0(0.00%) | 0(0.00%) | 0(0.00%) |   0(0.00%) |
|         ram_ext                              |                      ram_256x8_67 |     40(0.06%) |      8(0.01%) |    32(0.11%) | 0(0.00%) |     0(0.00%) |  0(0.00%) | 0(0.00%) | 0(0.00%) |   0(0.00%) |
|       data_memories_14                       |                   ReadWriteSmem_7 |     40(0.06%) |      8(0.01%) |    32(0.11%) | 0(0.00%) |     8(0.01%) |  0(0.00%) | 0(0.00%) | 0(0.00%) |   0(0.00%) |
|         (data_memories_14)                   |                   ReadWriteSmem_7 |      0(0.00%) |      0(0.00%) |     0(0.00%) | 0(0.00%) |     8(0.01%) |  0(0.00%) | 0(0.00%) | 0(0.00%) |   0(0.00%) |
|         ram_ext                              |                      ram_256x8_66 |     40(0.06%) |      8(0.01%) |    32(0.11%) | 0(0.00%) |     0(0.00%) |  0(0.00%) | 0(0.00%) | 0(0.00%) |   0(0.00%) |
|       data_memories_15                       |                   ReadWriteSmem_8 |     40(0.06%) |      8(0.01%) |    32(0.11%) | 0(0.00%) |     8(0.01%) |  0(0.00%) | 0(0.00%) | 0(0.00%) |   0(0.00%) |
|         (data_memories_15)                   |                   ReadWriteSmem_8 |      0(0.00%) |      0(0.00%) |     0(0.00%) | 0(0.00%) |     8(0.01%) |  0(0.00%) | 0(0.00%) | 0(0.00%) |   0(0.00%) |
|         ram_ext                              |                      ram_256x8_65 |     40(0.06%) |      8(0.01%) |    32(0.11%) | 0(0.00%) |     0(0.00%) |  0(0.00%) | 0(0.00%) | 0(0.00%) |   0(0.00%) |
|       data_memories_16                       |                   ReadWriteSmem_9 |     40(0.06%) |      8(0.01%) |    32(0.11%) | 0(0.00%) |     8(0.01%) |  0(0.00%) | 0(0.00%) | 0(0.00%) |   0(0.00%) |
|         (data_memories_16)                   |                   ReadWriteSmem_9 |      0(0.00%) |      0(0.00%) |     0(0.00%) | 0(0.00%) |     8(0.01%) |  0(0.00%) | 0(0.00%) | 0(0.00%) |   0(0.00%) |
|         ram_ext                              |                      ram_256x8_64 |     40(0.06%) |      8(0.01%) |    32(0.11%) | 0(0.00%) |     0(0.00%) |  0(0.00%) | 0(0.00%) | 0(0.00%) |   0(0.00%) |
|       data_memories_17                       |                  ReadWriteSmem_10 |     40(0.06%) |      8(0.01%) |    32(0.11%) | 0(0.00%) |     8(0.01%) |  0(0.00%) | 0(0.00%) | 0(0.00%) |   0(0.00%) |
|         (data_memories_17)                   |                  ReadWriteSmem_10 |      0(0.00%) |      0(0.00%) |     0(0.00%) | 0(0.00%) |     8(0.01%) |  0(0.00%) | 0(0.00%) | 0(0.00%) |   0(0.00%) |
|         ram_ext                              |                      ram_256x8_63 |     40(0.06%) |      8(0.01%) |    32(0.11%) | 0(0.00%) |     0(0.00%) |  0(0.00%) | 0(0.00%) | 0(0.00%) |   0(0.00%) |
|       data_memories_18                       |                  ReadWriteSmem_11 |     40(0.06%) |      8(0.01%) |    32(0.11%) | 0(0.00%) |     8(0.01%) |  0(0.00%) | 0(0.00%) | 0(0.00%) |   0(0.00%) |
|         (data_memories_18)                   |                  ReadWriteSmem_11 |      0(0.00%) |      0(0.00%) |     0(0.00%) | 0(0.00%) |     8(0.01%) |  0(0.00%) | 0(0.00%) | 0(0.00%) |   0(0.00%) |
|         ram_ext                              |                      ram_256x8_62 |     40(0.06%) |      8(0.01%) |    32(0.11%) | 0(0.00%) |     0(0.00%) |  0(0.00%) | 0(0.00%) | 0(0.00%) |   0(0.00%) |
|       data_memories_19                       |                  ReadWriteSmem_12 |     40(0.06%) |      8(0.01%) |    32(0.11%) | 0(0.00%) |     8(0.01%) |  0(0.00%) | 0(0.00%) | 0(0.00%) |   0(0.00%) |
|         (data_memories_19)                   |                  ReadWriteSmem_12 |      0(0.00%) |      0(0.00%) |     0(0.00%) | 0(0.00%) |     8(0.01%) |  0(0.00%) | 0(0.00%) | 0(0.00%) |   0(0.00%) |
|         ram_ext                              |                      ram_256x8_61 |     40(0.06%) |      8(0.01%) |    32(0.11%) | 0(0.00%) |     0(0.00%) |  0(0.00%) | 0(0.00%) | 0(0.00%) |   0(0.00%) |
|       data_memories_2                        |                  ReadWriteSmem_13 |     40(0.06%) |      8(0.01%) |    32(0.11%) | 0(0.00%) |     8(0.01%) |  0(0.00%) | 0(0.00%) | 0(0.00%) |   0(0.00%) |
|         (data_memories_2)                    |                  ReadWriteSmem_13 |      0(0.00%) |      0(0.00%) |     0(0.00%) | 0(0.00%) |     8(0.01%) |  0(0.00%) | 0(0.00%) | 0(0.00%) |   0(0.00%) |
|         ram_ext                              |                      ram_256x8_60 |     40(0.06%) |      8(0.01%) |    32(0.11%) | 0(0.00%) |     0(0.00%) |  0(0.00%) | 0(0.00%) | 0(0.00%) |   0(0.00%) |
|       data_memories_20                       |                  ReadWriteSmem_14 |     41(0.06%) |      9(0.01%) |    32(0.11%) | 0(0.00%) |     8(0.01%) |  0(0.00%) | 0(0.00%) | 0(0.00%) |   0(0.00%) |
|         (data_memories_20)                   |                  ReadWriteSmem_14 |      0(0.00%) |      0(0.00%) |     0(0.00%) | 0(0.00%) |     8(0.01%) |  0(0.00%) | 0(0.00%) | 0(0.00%) |   0(0.00%) |
|         ram_ext                              |                      ram_256x8_59 |     41(0.06%) |      9(0.01%) |    32(0.11%) | 0(0.00%) |     0(0.00%) |  0(0.00%) | 0(0.00%) | 0(0.00%) |   0(0.00%) |
|       data_memories_21                       |                  ReadWriteSmem_15 |     40(0.06%) |      8(0.01%) |    32(0.11%) | 0(0.00%) |     8(0.01%) |  0(0.00%) | 0(0.00%) | 0(0.00%) |   0(0.00%) |
|         (data_memories_21)                   |                  ReadWriteSmem_15 |      0(0.00%) |      0(0.00%) |     0(0.00%) | 0(0.00%) |     8(0.01%) |  0(0.00%) | 0(0.00%) | 0(0.00%) |   0(0.00%) |
|         ram_ext                              |                      ram_256x8_58 |     40(0.06%) |      8(0.01%) |    32(0.11%) | 0(0.00%) |     0(0.00%) |  0(0.00%) | 0(0.00%) | 0(0.00%) |   0(0.00%) |
|       data_memories_22                       |                  ReadWriteSmem_16 |     40(0.06%) |      8(0.01%) |    32(0.11%) | 0(0.00%) |     8(0.01%) |  0(0.00%) | 0(0.00%) | 0(0.00%) |   0(0.00%) |
|         (data_memories_22)                   |                  ReadWriteSmem_16 |      0(0.00%) |      0(0.00%) |     0(0.00%) | 0(0.00%) |     8(0.01%) |  0(0.00%) | 0(0.00%) | 0(0.00%) |   0(0.00%) |
|         ram_ext                              |                      ram_256x8_57 |     40(0.06%) |      8(0.01%) |    32(0.11%) | 0(0.00%) |     0(0.00%) |  0(0.00%) | 0(0.00%) | 0(0.00%) |   0(0.00%) |
|       data_memories_23                       |                  ReadWriteSmem_17 |     40(0.06%) |      8(0.01%) |    32(0.11%) | 0(0.00%) |     8(0.01%) |  0(0.00%) | 0(0.00%) | 0(0.00%) |   0(0.00%) |
|         (data_memories_23)                   |                  ReadWriteSmem_17 |      0(0.00%) |      0(0.00%) |     0(0.00%) | 0(0.00%) |     8(0.01%) |  0(0.00%) | 0(0.00%) | 0(0.00%) |   0(0.00%) |
|         ram_ext                              |                      ram_256x8_56 |     40(0.06%) |      8(0.01%) |    32(0.11%) | 0(0.00%) |     0(0.00%) |  0(0.00%) | 0(0.00%) | 0(0.00%) |   0(0.00%) |
|       data_memories_24                       |                  ReadWriteSmem_18 |     40(0.06%) |      8(0.01%) |    32(0.11%) | 0(0.00%) |     8(0.01%) |  0(0.00%) | 0(0.00%) | 0(0.00%) |   0(0.00%) |
|         (data_memories_24)                   |                  ReadWriteSmem_18 |      0(0.00%) |      0(0.00%) |     0(0.00%) | 0(0.00%) |     8(0.01%) |  0(0.00%) | 0(0.00%) | 0(0.00%) |   0(0.00%) |
|         ram_ext                              |                      ram_256x8_55 |     40(0.06%) |      8(0.01%) |    32(0.11%) | 0(0.00%) |     0(0.00%) |  0(0.00%) | 0(0.00%) | 0(0.00%) |   0(0.00%) |
|       data_memories_25                       |                  ReadWriteSmem_19 |     40(0.06%) |      8(0.01%) |    32(0.11%) | 0(0.00%) |     8(0.01%) |  0(0.00%) | 0(0.00%) | 0(0.00%) |   0(0.00%) |
|         (data_memories_25)                   |                  ReadWriteSmem_19 |      0(0.00%) |      0(0.00%) |     0(0.00%) | 0(0.00%) |     8(0.01%) |  0(0.00%) | 0(0.00%) | 0(0.00%) |   0(0.00%) |
|         ram_ext                              |                      ram_256x8_54 |     40(0.06%) |      8(0.01%) |    32(0.11%) | 0(0.00%) |     0(0.00%) |  0(0.00%) | 0(0.00%) | 0(0.00%) |   0(0.00%) |
|       data_memories_26                       |                  ReadWriteSmem_20 |     40(0.06%) |      8(0.01%) |    32(0.11%) | 0(0.00%) |     8(0.01%) |  0(0.00%) | 0(0.00%) | 0(0.00%) |   0(0.00%) |
|         (data_memories_26)                   |                  ReadWriteSmem_20 |      0(0.00%) |      0(0.00%) |     0(0.00%) | 0(0.00%) |     8(0.01%) |  0(0.00%) | 0(0.00%) | 0(0.00%) |   0(0.00%) |
|         ram_ext                              |                      ram_256x8_53 |     40(0.06%) |      8(0.01%) |    32(0.11%) | 0(0.00%) |     0(0.00%) |  0(0.00%) | 0(0.00%) | 0(0.00%) |   0(0.00%) |
|       data_memories_27                       |                  ReadWriteSmem_21 |     40(0.06%) |      8(0.01%) |    32(0.11%) | 0(0.00%) |     8(0.01%) |  0(0.00%) | 0(0.00%) | 0(0.00%) |   0(0.00%) |
|         (data_memories_27)                   |                  ReadWriteSmem_21 |      0(0.00%) |      0(0.00%) |     0(0.00%) | 0(0.00%) |     8(0.01%) |  0(0.00%) | 0(0.00%) | 0(0.00%) |   0(0.00%) |
|         ram_ext                              |                      ram_256x8_52 |     40(0.06%) |      8(0.01%) |    32(0.11%) | 0(0.00%) |     0(0.00%) |  0(0.00%) | 0(0.00%) | 0(0.00%) |   0(0.00%) |
|       data_memories_28                       |                  ReadWriteSmem_22 |     40(0.06%) |      8(0.01%) |    32(0.11%) | 0(0.00%) |     8(0.01%) |  0(0.00%) | 0(0.00%) | 0(0.00%) |   0(0.00%) |
|         (data_memories_28)                   |                  ReadWriteSmem_22 |      0(0.00%) |      0(0.00%) |     0(0.00%) | 0(0.00%) |     8(0.01%) |  0(0.00%) | 0(0.00%) | 0(0.00%) |   0(0.00%) |
|         ram_ext                              |                      ram_256x8_51 |     40(0.06%) |      8(0.01%) |    32(0.11%) | 0(0.00%) |     0(0.00%) |  0(0.00%) | 0(0.00%) | 0(0.00%) |   0(0.00%) |
|       data_memories_29                       |                  ReadWriteSmem_23 |     40(0.06%) |      8(0.01%) |    32(0.11%) | 0(0.00%) |     8(0.01%) |  0(0.00%) | 0(0.00%) | 0(0.00%) |   0(0.00%) |
|         (data_memories_29)                   |                  ReadWriteSmem_23 |      0(0.00%) |      0(0.00%) |     0(0.00%) | 0(0.00%) |     8(0.01%) |  0(0.00%) | 0(0.00%) | 0(0.00%) |   0(0.00%) |
|         ram_ext                              |                      ram_256x8_50 |     40(0.06%) |      8(0.01%) |    32(0.11%) | 0(0.00%) |     0(0.00%) |  0(0.00%) | 0(0.00%) | 0(0.00%) |   0(0.00%) |
|       data_memories_3                        |                  ReadWriteSmem_24 |     40(0.06%) |      8(0.01%) |    32(0.11%) | 0(0.00%) |     8(0.01%) |  0(0.00%) | 0(0.00%) | 0(0.00%) |   0(0.00%) |
|         (data_memories_3)                    |                  ReadWriteSmem_24 |      0(0.00%) |      0(0.00%) |     0(0.00%) | 0(0.00%) |     8(0.01%) |  0(0.00%) | 0(0.00%) | 0(0.00%) |   0(0.00%) |
|         ram_ext                              |                      ram_256x8_49 |     40(0.06%) |      8(0.01%) |    32(0.11%) | 0(0.00%) |     0(0.00%) |  0(0.00%) | 0(0.00%) | 0(0.00%) |   0(0.00%) |
|       data_memories_30                       |                  ReadWriteSmem_25 |     40(0.06%) |      8(0.01%) |    32(0.11%) | 0(0.00%) |     8(0.01%) |  0(0.00%) | 0(0.00%) | 0(0.00%) |   0(0.00%) |
|         (data_memories_30)                   |                  ReadWriteSmem_25 |      0(0.00%) |      0(0.00%) |     0(0.00%) | 0(0.00%) |     8(0.01%) |  0(0.00%) | 0(0.00%) | 0(0.00%) |   0(0.00%) |
|         ram_ext                              |                      ram_256x8_48 |     40(0.06%) |      8(0.01%) |    32(0.11%) | 0(0.00%) |     0(0.00%) |  0(0.00%) | 0(0.00%) | 0(0.00%) |   0(0.00%) |
|       data_memories_31                       |                  ReadWriteSmem_26 |     41(0.06%) |      9(0.01%) |    32(0.11%) | 0(0.00%) |     8(0.01%) |  0(0.00%) | 0(0.00%) | 0(0.00%) |   0(0.00%) |
|         (data_memories_31)                   |                  ReadWriteSmem_26 |      0(0.00%) |      0(0.00%) |     0(0.00%) | 0(0.00%) |     8(0.01%) |  0(0.00%) | 0(0.00%) | 0(0.00%) |   0(0.00%) |
|         ram_ext                              |                      ram_256x8_47 |     41(0.06%) |      9(0.01%) |    32(0.11%) | 0(0.00%) |     0(0.00%) |  0(0.00%) | 0(0.00%) | 0(0.00%) |   0(0.00%) |
|       data_memories_4                        |                  ReadWriteSmem_27 |     40(0.06%) |      8(0.01%) |    32(0.11%) | 0(0.00%) |     8(0.01%) |  0(0.00%) | 0(0.00%) | 0(0.00%) |   0(0.00%) |
|         (data_memories_4)                    |                  ReadWriteSmem_27 |      0(0.00%) |      0(0.00%) |     0(0.00%) | 0(0.00%) |     8(0.01%) |  0(0.00%) | 0(0.00%) | 0(0.00%) |   0(0.00%) |
|         ram_ext                              |                      ram_256x8_46 |     40(0.06%) |      8(0.01%) |    32(0.11%) | 0(0.00%) |     0(0.00%) |  0(0.00%) | 0(0.00%) | 0(0.00%) |   0(0.00%) |
|       data_memories_5                        |                  ReadWriteSmem_28 |     40(0.06%) |      8(0.01%) |    32(0.11%) | 0(0.00%) |     8(0.01%) |  0(0.00%) | 0(0.00%) | 0(0.00%) |   0(0.00%) |
|         (data_memories_5)                    |                  ReadWriteSmem_28 |      0(0.00%) |      0(0.00%) |     0(0.00%) | 0(0.00%) |     8(0.01%) |  0(0.00%) | 0(0.00%) | 0(0.00%) |   0(0.00%) |
|         ram_ext                              |                      ram_256x8_45 |     40(0.06%) |      8(0.01%) |    32(0.11%) | 0(0.00%) |     0(0.00%) |  0(0.00%) | 0(0.00%) | 0(0.00%) |   0(0.00%) |
|       data_memories_6                        |                  ReadWriteSmem_29 |     41(0.06%) |      9(0.01%) |    32(0.11%) | 0(0.00%) |     8(0.01%) |  0(0.00%) | 0(0.00%) | 0(0.00%) |   0(0.00%) |
|         (data_memories_6)                    |                  ReadWriteSmem_29 |      0(0.00%) |      0(0.00%) |     0(0.00%) | 0(0.00%) |     8(0.01%) |  0(0.00%) | 0(0.00%) | 0(0.00%) |   0(0.00%) |
|         ram_ext                              |                      ram_256x8_44 |     41(0.06%) |      9(0.01%) |    32(0.11%) | 0(0.00%) |     0(0.00%) |  0(0.00%) | 0(0.00%) | 0(0.00%) |   0(0.00%) |
|       data_memories_7                        |                  ReadWriteSmem_30 |     40(0.06%) |      8(0.01%) |    32(0.11%) | 0(0.00%) |     8(0.01%) |  0(0.00%) | 0(0.00%) | 0(0.00%) |   0(0.00%) |
|         (data_memories_7)                    |                  ReadWriteSmem_30 |      0(0.00%) |      0(0.00%) |     0(0.00%) | 0(0.00%) |     8(0.01%) |  0(0.00%) | 0(0.00%) | 0(0.00%) |   0(0.00%) |
|         ram_ext                              |                      ram_256x8_43 |     40(0.06%) |      8(0.01%) |    32(0.11%) | 0(0.00%) |     0(0.00%) |  0(0.00%) | 0(0.00%) | 0(0.00%) |   0(0.00%) |
|       data_memories_8                        |                  ReadWriteSmem_31 |     40(0.06%) |      8(0.01%) |    32(0.11%) | 0(0.00%) |     8(0.01%) |  0(0.00%) | 0(0.00%) | 0(0.00%) |   0(0.00%) |
|         (data_memories_8)                    |                  ReadWriteSmem_31 |      0(0.00%) |      0(0.00%) |     0(0.00%) | 0(0.00%) |     8(0.01%) |  0(0.00%) | 0(0.00%) | 0(0.00%) |   0(0.00%) |
|         ram_ext                              |                      ram_256x8_42 |     40(0.06%) |      8(0.01%) |    32(0.11%) | 0(0.00%) |     0(0.00%) |  0(0.00%) | 0(0.00%) | 0(0.00%) |   0(0.00%) |
|       data_memories_9                        |                  ReadWriteSmem_32 |     40(0.06%) |      8(0.01%) |    32(0.11%) | 0(0.00%) |     8(0.01%) |  0(0.00%) | 0(0.00%) | 0(0.00%) |   0(0.00%) |
|         (data_memories_9)                    |                  ReadWriteSmem_32 |      0(0.00%) |      0(0.00%) |     0(0.00%) | 0(0.00%) |     8(0.01%) |  0(0.00%) | 0(0.00%) | 0(0.00%) |   0(0.00%) |
|         ram_ext                              |                         ram_256x8 |     40(0.06%) |      8(0.01%) |    32(0.11%) | 0(0.00%) |     0(0.00%) |  0(0.00%) | 0(0.00%) | 0(0.00%) |   0(0.00%) |
|       non_cacheable_request_Q                |     Queue8_AXI_request_Q_entry_33 |    933(1.32%) |    885(1.25%) |    48(0.17%) | 0(0.00%) |    10(0.01%) |  0(0.00%) | 0(0.00%) | 0(0.00%) |   0(0.00%) |
|         (non_cacheable_request_Q)            |     Queue8_AXI_request_Q_entry_33 |      4(0.01%) |      4(0.01%) |     0(0.00%) | 0(0.00%) |     7(0.01%) |  0(0.00%) | 0(0.00%) | 0(0.00%) |   0(0.00%) |
|         ram_ext                              |                         ram_8x352 |    929(1.32%) |    881(1.25%) |    48(0.17%) | 0(0.00%) |     3(0.01%) |  0(0.00%) | 0(0.00%) | 0(0.00%) |   0(0.00%) |
|       non_cacheable_response_Q               | Queue8_backend_memory_response_34 |     19(0.03%) |     19(0.03%) |     0(0.00%) | 0(0.00%) |     7(0.01%) |  0(0.00%) | 0(0.00%) | 0(0.00%) |   0(0.00%) |
|       tag_memories_0                         |               ReadWriteSmem_32_35 |     25(0.04%) |     20(0.03%) |     5(0.02%) | 0(0.00%) |     5(0.01%) |  0(0.00%) | 0(0.00%) | 0(0.00%) |   0(0.00%) |
|         (tag_memories_0)                     |               ReadWriteSmem_32_35 |      1(0.01%) |      1(0.01%) |     0(0.00%) | 0(0.00%) |     5(0.01%) |  0(0.00%) | 0(0.00%) | 0(0.00%) |   0(0.00%) |
|         ram_ext                              |                      ram_64x21_41 |     24(0.03%) |     19(0.03%) |     5(0.02%) | 0(0.00%) |     0(0.00%) |  0(0.00%) | 0(0.00%) | 0(0.00%) |   0(0.00%) |
|       tag_memories_1                         |               ReadWriteSmem_32_36 |     25(0.04%) |     20(0.03%) |     5(0.02%) | 0(0.00%) |     5(0.01%) |  0(0.00%) | 0(0.00%) | 0(0.00%) |   0(0.00%) |
|         (tag_memories_1)                     |               ReadWriteSmem_32_36 |      4(0.01%) |      4(0.01%) |     0(0.00%) | 0(0.00%) |     5(0.01%) |  0(0.00%) | 0(0.00%) | 0(0.00%) |   0(0.00%) |
|         ram_ext                              |                      ram_64x21_40 |     21(0.03%) |     16(0.02%) |     5(0.02%) | 0(0.00%) |     0(0.00%) |  0(0.00%) | 0(0.00%) | 0(0.00%) |   0(0.00%) |
|       tag_memories_2                         |               ReadWriteSmem_32_37 |   1007(1.43%) |   1002(1.42%) |     5(0.02%) | 0(0.00%) |     5(0.01%) |  0(0.00%) | 0(0.00%) | 0(0.00%) |   0(0.00%) |
|         (tag_memories_2)                     |               ReadWriteSmem_32_37 |    825(1.17%) |    825(1.17%) |     0(0.00%) | 0(0.00%) |     5(0.01%) |  0(0.00%) | 0(0.00%) | 0(0.00%) |   0(0.00%) |
|         ram_ext                              |                      ram_64x21_39 |    182(0.26%) |    177(0.25%) |     5(0.02%) | 0(0.00%) |     0(0.00%) |  0(0.00%) | 0(0.00%) | 0(0.00%) |   0(0.00%) |
|       tag_memories_3                         |               ReadWriteSmem_32_38 |    281(0.40%) |    276(0.39%) |     5(0.02%) | 0(0.00%) |     5(0.01%) |  0(0.00%) | 0(0.00%) | 0(0.00%) |   0(0.00%) |
|         (tag_memories_3)                     |               ReadWriteSmem_32_38 |     19(0.03%) |     19(0.03%) |     0(0.00%) | 0(0.00%) |     5(0.01%) |  0(0.00%) | 0(0.00%) | 0(0.00%) |   0(0.00%) |
|         ram_ext                              |                         ram_64x21 |    262(0.37%) |    257(0.36%) |     5(0.02%) | 0(0.00%) |     0(0.00%) |  0(0.00%) | 0(0.00%) | 0(0.00%) |   0(0.00%) |
|     instruction_cache                        |              L1_instruction_cache |   1371(1.94%) |   1369(1.94%) |     2(0.01%) | 0(0.00%) |   819(0.58%) |  8(3.70%) | 0(0.00%) | 0(0.00%) |   0(0.00%) |
|       (instruction_cache)                    |              L1_instruction_cache |     53(0.08%) |     53(0.08%) |     0(0.00%) | 0(0.00%) |   381(0.27%) |  0(0.00%) | 0(0.00%) | 0(0.00%) |   0(0.00%) |
|       CPU_response_skid_buffer               |               Queue1_fetch_packet |    572(0.81%) |    572(0.81%) |     0(0.00%) | 0(0.00%) |   169(0.12%) |  0(0.00%) | 0(0.00%) | 0(0.00%) |   0(0.00%) |
|       LRU_memory                             |                SDPReadWriteSmem_1 |      7(0.01%) |      5(0.01%) |     2(0.01%) | 0(0.00%) |     9(0.01%) |  0(0.00%) | 0(0.00%) | 0(0.00%) |   0(0.00%) |
|         (LRU_memory)                         |                SDPReadWriteSmem_1 |      1(0.01%) |      1(0.01%) |     0(0.00%) | 0(0.00%) |     3(0.01%) |  0(0.00%) | 0(0.00%) | 0(0.00%) |   0(0.00%) |
|         mem_ext                              |                          mem_64x2 |      6(0.01%) |      4(0.01%) |     2(0.01%) | 0(0.00%) |     6(0.01%) |  0(0.00%) | 0(0.00%) | 0(0.00%) |   0(0.00%) |
|       data_memory_0                          |              icache_ReadWriteSmem |    189(0.27%) |    189(0.27%) |     0(0.00%) | 0(0.00%) |     0(0.00%) |  4(1.85%) | 0(0.00%) | 0(0.00%) |   0(0.00%) |
|         mem_ext                              |                      mem_64x278_1 |    189(0.27%) |    189(0.27%) |     0(0.00%) | 0(0.00%) |     0(0.00%) |  4(1.85%) | 0(0.00%) | 0(0.00%) |   0(0.00%) |
|       data_memory_1                          |            icache_ReadWriteSmem_0 |    155(0.22%) |    155(0.22%) |     0(0.00%) | 0(0.00%) |     0(0.00%) |  4(1.85%) | 0(0.00%) | 0(0.00%) |   0(0.00%) |
|         mem_ext                              |                        mem_64x278 |    155(0.22%) |    155(0.22%) |     0(0.00%) | 0(0.00%) |     0(0.00%) |  4(1.85%) | 0(0.00%) | 0(0.00%) |   0(0.00%) |
|       final_response_buffer                  |         Queue1_final_AXI_response |    395(0.56%) |    395(0.56%) |     0(0.00%) | 0(0.00%) |   260(0.18%) |  0(0.00%) | 0(0.00%) | 0(0.00%) |   0(0.00%) |
|   axi_interconnect                           |              axi_interconnect_2x2 |    152(0.22%) |    152(0.22%) |     0(0.00%) | 0(0.00%) |   216(0.15%) |  0(0.00%) | 0(0.00%) | 0(0.00%) |   0(0.00%) |
|     NOC                                      |         axi_interconnect_wrap_2x2 |    152(0.22%) |    152(0.22%) |     0(0.00%) | 0(0.00%) |   216(0.15%) |  0(0.00%) | 0(0.00%) | 0(0.00%) |   0(0.00%) |
|       axi_interconnect_inst                  |                  axi_interconnect |    152(0.22%) |    152(0.22%) |     0(0.00%) | 0(0.00%) |   216(0.15%) |  0(0.00%) | 0(0.00%) | 0(0.00%) |   0(0.00%) |
|         (axi_interconnect_inst)              |                  axi_interconnect |     36(0.05%) |     36(0.05%) |     0(0.00%) | 0(0.00%) |   208(0.15%) |  0(0.00%) | 0(0.00%) | 0(0.00%) |   0(0.00%) |
|         arb_inst                             |                           arbiter |    116(0.16%) |    116(0.16%) |     0(0.00%) | 0(0.00%) |     8(0.01%) |  0(0.00%) | 0(0.00%) | 0(0.00%) |   0(0.00%) |
+----------------------------------------------+-----------------------------------+---------------+---------------+--------------+----------+--------------+-----------+----------+----------+------------+


